-- The C compiler identification is GNU 13.3.0
-- The CXX compiler identification is GNU 13.3.0
-- Detecting C compiler ABI info
-- Detecting C compiler ABI info - done
-- Check for working C compiler: /usr/lib/ccache/cc - skipped
-- Detecting C compile features
-- Detecting C compile features - done
-- Detecting CXX compiler ABI info
-- Detecting CXX compiler ABI info - done
-- Check for working CXX compiler: /usr/lib/ccache/c++ - skipped
-- Detecting CXX compile features
-- Detecting CXX compile features - done
-- Found ament_cmake: 2.5.6 (/opt/ros/jazzy/share/ament_cmake/cmake)
-- Found Python3: /home/andres/venv-ardupilot/bin/python3 (found version "3.12.3") found components: Interpreter 
-- Configuring done (1.6s)
-- Generating done (0.0s)
-- Build files have been written to: /home/andres/solar_farm_sim/build/solar_farm_gz
Built target ament_cmake_python_copy_solar_farm_gz
running egg_info
creating solar_farm_gz.egg-info
writing solar_farm_gz.egg-info/PKG-INFO
writing dependency_links to solar_farm_gz.egg-info/dependency_links.txt
writing top-level names to solar_farm_gz.egg-info/top_level.txt
writing manifest file 'solar_farm_gz.egg-info/SOURCES.txt'
reading manifest file 'solar_farm_gz.egg-info/SOURCES.txt'
writing manifest file 'solar_farm_gz.egg-info/SOURCES.txt'
Built target ament_cmake_python_build_solar_farm_gz_egg
-- Install configuration: ""
-- Installing: /home/andres/solar_farm_sim/install/solar_farm_gz/share/solar_farm_gz/environment/pythonpath.sh
-- Installing: /home/andres/solar_farm_sim/install/solar_farm_gz/share/solar_farm_gz/environment/pythonpath.dsv
-- Installing: /home/andres/solar_farm_sim/install/solar_farm_gz/lib/python3.12/site-packages/solar_farm_gz-0.1.0-py3.12.egg-info
-- Installing: /home/andres/solar_farm_sim/install/solar_farm_gz/lib/python3.12/site-packages/solar_farm_gz-0.1.0-py3.12.egg-info/PKG-INFO
-- Installing: /home/andres/solar_farm_sim/install/solar_farm_gz/lib/python3.12/site-packages/solar_farm_gz-0.1.0-py3.12.egg-info/SOURCES.txt
-- Installing: /home/andres/solar_farm_sim/install/solar_farm_gz/lib/python3.12/site-packages/solar_farm_gz-0.1.0-py3.12.egg-info/dependency_links.txt
-- Installing: /home/andres/solar_farm_sim/install/solar_farm_gz/lib/python3.12/site-packages/solar_farm_gz-0.1.0-py3.12.egg-info/top_level.txt
-- Installing: /home/andres/solar_farm_sim/install/solar_farm_gz/lib/python3.12/site-packages/solar_farm_gz
-- Installing: /home/andres/solar_farm_sim/install/solar_farm_gz/lib/python3.12/site-packages/solar_farm_gz/capture.py
-- Installing: /home/andres/solar_farm_sim/install/solar_farm_gz/lib/python3.12/site-packages/solar_farm_gz/pv_mesh.py
-- Installing: /home/andres/solar_farm_sim/install/solar_farm_gz/lib/python3.12/site-packages/solar_farm_gz/pv_textures.py
-- Installing: /home/andres/solar_farm_sim/install/solar_farm_gz/lib/python3.12/site-packages/solar_farm_gz/site.py
-- Installing: /home/andres/solar_farm_sim/install/solar_farm_gz/lib/python3.12/site-packages/solar_farm_gz/gpu.py
-- Installing: /home/andres/solar_farm_sim/install/solar_farm_gz/lib/python3.12/site-packages/solar_farm_gz/flight_video.py
-- Installing: /home/andres/solar_farm_sim/install/solar_farm_gz/lib/python3.12/site-packages/solar_farm_gz/__init__.py
-- Installing: /home/andres/solar_farm_sim/install/solar_farm_gz/lib/python3.12/site-packages/solar_farm_gz/teleop_joy.py
-- Installing: /home/andres/solar_farm_sim/install/solar_farm_gz/lib/python3.12/site-packages/solar_farm_gz/generate_farm.py
Listing '/home/andres/solar_farm_sim/install/solar_farm_gz/lib/python3.12/site-packages/solar_farm_gz'...
Compiling '/home/andres/solar_farm_sim/install/solar_farm_gz/lib/python3.12/site-packages/solar_farm_gz/__init__.py'...
Compiling '/home/andres/solar_farm_sim/install/solar_farm_gz/lib/python3.12/site-packages/solar_farm_gz/capture.py'...
Compiling '/home/andres/solar_farm_sim/install/solar_farm_gz/lib/python3.12/site-packages/solar_farm_gz/flight_video.py'...
Compiling '/home/andres/solar_farm_sim/install/solar_farm_gz/lib/python3.12/site-packages/solar_farm_gz/generate_farm.py'...
Compiling '/home/andres/solar_farm_sim/install/solar_farm_gz/lib/python3.12/site-packages/solar_farm_gz/gpu.py'...
Compiling '/home/andres/solar_farm_sim/install/solar_farm_gz/lib/python3.12/site-packages/solar_farm_gz/pv_mesh.py'...
Compiling '/home/andres/solar_farm_sim/install/solar_farm_gz/lib/python3.12/site-packages/solar_farm_gz/pv_textures.py'...
Compiling '/home/andres/solar_farm_sim/install/solar_farm_gz/lib/python3.12/site-packages/solar_farm_gz/site.py'...
Compiling '/home/andres/solar_farm_sim/install/solar_farm_gz/lib/python3.12/site-packages/solar_farm_gz/teleop_joy.py'...
-- Installing: /home/andres/solar_farm_sim/install/solar_farm_gz/lib/solar_farm_gz/generate_farm
-- Installing: /home/andres/solar_farm_sim/install/solar_farm_gz/lib/solar_farm_gz/capture
-- Installing: /home/andres/solar_farm_sim/install/solar_farm_gz/lib/solar_farm_gz/teleop_joy
-- Installing: /home/andres/solar_farm_sim/install/solar_farm_gz/lib/solar_farm_gz/flight_video
-- Installing: /home/andres/solar_farm_sim/install/solar_farm_gz/share/solar_farm_gz/launch
-- Installing: /home/andres/solar_farm_sim/install/solar_farm_gz/share/solar_farm_gz/launch/solar_farm.launch.py
-- Installing: /home/andres/solar_farm_sim/install/solar_farm_gz/share/solar_farm_gz/launch/inspection.launch.py
-- Installing: /home/andres/solar_farm_sim/install/solar_farm_gz/share/solar_farm_gz/models
-- Installing: /home/andres/solar_farm_sim/install/solar_farm_gz/share/solar_farm_gz/models/x500_rgb
-- Installing: /home/andres/solar_farm_sim/install/solar_farm_gz/share/solar_farm_gz/models/x500_rgb/model.config
-- Installing: /home/andres/solar_farm_sim/install/solar_farm_gz/share/solar_farm_gz/models/x500_rgb/model.sdf
-- Installing: /home/andres/solar_farm_sim/install/solar_farm_gz/share/solar_farm_gz/gui
-- Installing: /home/andres/solar_farm_sim/install/solar_farm_gz/share/solar_farm_gz/gui/inspection.config
-- Installing: /home/andres/solar_farm_sim/install/solar_farm_gz/share/solar_farm_gz/worlds
-- Installing: /home/andres/solar_farm_sim/install/solar_farm_gz/share/solar_farm_gz/worlds/solar_farm.sdf
-- Installing: /home/andres/solar_farm_sim/install/solar_farm_gz/share/solar_farm_gz/worlds/defects.json
-- Installing: /home/andres/solar_farm_sim/install/solar_farm_gz/share/solar_farm_gz/worlds/solar_farm_assets
-- Installing: /home/andres/solar_farm_sim/install/solar_farm_gz/share/solar_farm_gz/worlds/solar_farm_assets/materials
-- Installing: /home/andres/solar_farm_sim/install/solar_farm_gz/share/solar_farm_gz/worlds/solar_farm_assets/materials/textures
-- Installing: /home/andres/solar_farm_sim/install/solar_farm_gz/share/solar_farm_gz/worlds/solar_farm_assets/materials/textures/pv_atlas_03_thermal.png
-- Installing: /home/andres/solar_farm_sim/install/solar_farm_gz/share/solar_farm_gz/worlds/solar_farm_assets/materials/textures/pv_atlas_09_roughness.png
-- Installing: /home/andres/solar_farm_sim/install/solar_farm_gz/share/solar_farm_gz/worlds/solar_farm_assets/materials/textures/pv_atlas_14_albedo.png
-- Installing: /home/andres/solar_farm_sim/install/solar_farm_gz/share/solar_farm_gz/worlds/solar_farm_assets/materials/textures/pv_atlas_12_thermal.png
-- Installing: /home/andres/solar_farm_sim/install/solar_farm_gz/share/solar_farm_gz/worlds/solar_farm_assets/materials/textures/ground_albedo.png
-- Installing: /home/andres/solar_farm_sim/install/solar_farm_gz/share/solar_farm_gz/worlds/solar_farm_assets/materials/textures/pv_atlas_06_thermal.png
-- Installing: /home/andres/solar_farm_sim/install/solar_farm_gz/share/solar_farm_gz/worlds/solar_farm_assets/materials/textures/pv_atlas_17_roughness.png
-- Installing: /home/andres/solar_farm_sim/install/solar_farm_gz/share/solar_farm_gz/worlds/solar_farm_assets/materials/textures/site_roughness.png
-- Installing: /home/andres/solar_farm_sim/install/solar_farm_gz/share/solar_farm_gz/worlds/solar_farm_assets/materials/textures/pv_atlas_18_albedo.png
-- Installing: /home/andres/solar_farm_sim/install/solar_farm_gz/share/solar_farm_gz/worlds/solar_farm_assets/materials/textures/pv_atlas_10_roughness.png
-- Installing: /home/andres/solar_farm_sim/install/solar_farm_gz/share/solar_farm_gz/worlds/solar_farm_assets/materials/textures/pv_atlas_10_albedo.png
-- Installing: /home/andres/solar_farm_sim/install/solar_farm_gz/share/solar_farm_gz/worlds/solar_farm_assets/materials/textures/pv_atlas_14_thermal.png
-- Installing: /home/andres/solar_farm_sim/install/solar_farm_gz/share/solar_farm_gz/worlds/solar_farm_assets/materials/textures/pv_atlas_11_thermal.png
-- Installing: /home/andres/solar_farm_sim/install/solar_farm_gz/share/solar_farm_gz/worlds/solar_farm_assets/materials/textures/pv_atlas_00_albedo.png
-- Installing: /home/andres/solar_farm_sim/install/solar_farm_gz/share/solar_farm_gz/worlds/solar_farm_assets/materials/textures/pv_atlas_16_thermal.png
-- Installing: /home/andres/solar_farm_sim/install/solar_farm_gz/share/solar_farm_gz/worlds/solar_farm_assets/materials/textures/pv_atlas_05_roughness.png
-- Installing: /home/andres/solar_farm_sim/install/solar_farm_gz/share/solar_farm_gz/worlds/solar_farm_assets/materials/textures/pv_atlas_15_roughness.png
-- Installing: /home/andres/solar_farm_sim/install/solar_farm_gz/share/solar_farm_gz/worlds/solar_farm_assets/materials/textures/pv_atlas_00_roughness.png
-- Installing: /home/andres/solar_farm_sim/install/solar_farm_gz/share/solar_farm_gz/worlds/solar_farm_assets/materials/textures/pv_atlas_01_thermal.png
-- Installing: /home/andres/solar_farm_sim/install/solar_farm_gz/share/solar_farm_gz/worlds/solar_farm_assets/materials/textures/pv_atlas_05_albedo.png
-- Installing: /home/andres/solar_farm_sim/install/solar_farm_gz/share/solar_farm_gz/worlds/solar_farm_assets/materials/textures/pv_atlas_07_roughness.png
-- Installing: /home/andres/solar_farm_sim/install/solar_farm_gz/share/solar_farm_gz/worlds/solar_farm_assets/materials/textures/pv_atlas_09_thermal.png
-- Installing: /home/andres/solar_farm_sim/install/solar_farm_gz/share/solar_farm_gz/worlds/solar_farm_assets/materials/textures/pv_atlas_02_roughness.png
-- Installing: /home/andres/solar_farm_sim/install/solar_farm_gz/share/solar_farm_gz/worlds/solar_farm_assets/materials/textures/pv_atlas_02_albedo.png
-- Installing: /home/andres/solar_farm_sim/install/solar_farm_gz/share/solar_farm_gz/worlds/solar_farm_assets/materials/textures/pv_atlas_13_albedo.png
-- Installing: /home/andres/solar_farm_sim/install/solar_farm_gz/share/solar_farm_gz/worlds/solar_farm_assets/materials/textures/pv_atlas_18_roughness.png
-- Installing: /home/andres/solar_farm_sim/install/solar_farm_gz/share/solar_farm_gz/worlds/solar_farm_assets/materials/textures/pv_atlas_08_roughness.png
-- Installing: /home/andres/solar_farm_sim/install/solar_farm_gz/share/solar_farm_gz/worlds/solar_farm_assets/materials/textures/pv_atlas_02_thermal.png
-- Installing: /home/andres/solar_farm_sim/install/solar_farm_gz/share/solar_farm_gz/worlds/solar_farm_assets/materials/textures/pv_atlas_11_roughness.png
-- Installing: /home/andres/solar_farm_sim/install/solar_farm_gz/share/solar_farm_gz/worlds/solar_farm_assets/materials/textures/pv_atlas_00_thermal.png
-- Installing: /home/andres/solar_farm_sim/install/solar_farm_gz/share/solar_farm_gz/worlds/solar_farm_assets/materials/textures/pv_atlas_06_roughness.png
-- Installing: /home/andres/solar_farm_sim/install/solar_farm_gz/share/solar_farm_gz/worlds/solar_farm_assets/materials/textures/pv_atlas_19_albedo.png
-- Installing: /home/andres/solar_farm_sim/install/solar_farm_gz/share/solar_farm_gz/worlds/solar_farm_assets/materials/textures/pv_atlas_01_albedo.png
-- Installing: /home/andres/solar_farm_sim/install/solar_farm_gz/share/solar_farm_gz/worlds/solar_farm_assets/materials/textures/pv_atlas_13_roughness.png
-- Installing: /home/andres/solar_farm_sim/install/solar_farm_gz/share/solar_farm_gz/worlds/solar_farm_assets/materials/textures/pv_atlas_01_roughness.png
-- Installing: /home/andres/solar_farm_sim/install/solar_farm_gz/share/solar_farm_gz/worlds/solar_farm_assets/materials/textures/pv_atlas_17_albedo.png
-- Installing: /home/andres/solar_farm_sim/install/solar_farm_gz/share/solar_farm_gz/worlds/solar_farm_assets/materials/textures/pv_atlas_17_thermal.png
-- Installing: /home/andres/solar_farm_sim/install/solar_farm_gz/share/solar_farm_gz/worlds/solar_farm_assets/materials/textures/pv_atlas_07_albedo.png
-- Installing: /home/andres/solar_farm_sim/install/solar_farm_gz/share/solar_farm_gz/worlds/solar_farm_assets/materials/textures/inverter_albedo.png
-- Installing: /home/andres/solar_farm_sim/install/solar_farm_gz/share/solar_farm_gz/worlds/solar_farm_assets/materials/textures/pv_atlas_12_roughness.png
-- Installing: /home/andres/solar_farm_sim/install/solar_farm_gz/share/solar_farm_gz/worlds/solar_farm_assets/materials/textures/pv_atlas_19_thermal.png
-- Installing: /home/andres/solar_farm_sim/install/solar_farm_gz/share/solar_farm_gz/worlds/solar_farm_assets/materials/textures/pv_normal.png
-- Installing: /home/andres/solar_farm_sim/install/solar_farm_gz/share/solar_farm_gz/worlds/solar_farm_assets/materials/textures/pv_atlas_05_thermal.png
-- Installing: /home/andres/solar_farm_sim/install/solar_farm_gz/share/solar_farm_gz/worlds/solar_farm_assets/materials/textures/pv_atlas_18_thermal.png
-- Installing: /home/andres/solar_farm_sim/install/solar_farm_gz/share/solar_farm_gz/worlds/solar_farm_assets/materials/textures/pv_atlas_13_thermal.png
-- Installing: /home/andres/solar_farm_sim/install/solar_farm_gz/share/solar_farm_gz/worlds/solar_farm_assets/materials/textures/pv_atlas_15_thermal.png
-- Installing: /home/andres/solar_farm_sim/install/solar_farm_gz/share/solar_farm_gz/worlds/solar_farm_assets/materials/textures/pv_atlas_08_thermal.png
-- Installing: /home/andres/solar_farm_sim/install/solar_farm_gz/share/solar_farm_gz/worlds/solar_farm_assets/materials/textures/pv_atlas_07_thermal.png
-- Installing: /home/andres/solar_farm_sim/install/solar_farm_gz/share/solar_farm_gz/worlds/solar_farm_assets/materials/textures/pv_atlas_10_thermal.png
-- Installing: /home/andres/solar_farm_sim/install/solar_farm_gz/share/solar_farm_gz/worlds/solar_farm_assets/materials/textures/pv_atlas_04_roughness.png
-- Installing: /home/andres/solar_farm_sim/install/solar_farm_gz/share/solar_farm_gz/worlds/solar_farm_assets/materials/textures/pv_atlas_11_albedo.png
-- Installing: /home/andres/solar_farm_sim/install/solar_farm_gz/share/solar_farm_gz/worlds/solar_farm_assets/materials/textures/pv_atlas_09_albedo.png
-- Installing: /home/andres/solar_farm_sim/install/solar_farm_gz/share/solar_farm_gz/worlds/solar_farm_assets/materials/textures/pv_atlas_06_albedo.png
-- Installing: /home/andres/solar_farm_sim/install/solar_farm_gz/share/solar_farm_gz/worlds/solar_farm_assets/materials/textures/fence_fabric.png
-- Installing: /home/andres/solar_farm_sim/install/solar_farm_gz/share/solar_farm_gz/worlds/solar_farm_assets/materials/textures/pv_atlas_03_albedo.png
-- Installing: /home/andres/solar_farm_sim/install/solar_farm_gz/share/solar_farm_gz/worlds/solar_farm_assets/materials/textures/pv_atlas_16_albedo.png
-- Installing: /home/andres/solar_farm_sim/install/solar_farm_gz/share/solar_farm_gz/worlds/solar_farm_assets/materials/textures/pv_atlas_04_albedo.png
-- Installing: /home/andres/solar_farm_sim/install/solar_farm_gz/share/solar_farm_gz/worlds/solar_farm_assets/materials/textures/pv_atlas_08_albedo.png
-- Installing: /home/andres/solar_farm_sim/install/solar_farm_gz/share/solar_farm_gz/worlds/solar_farm_assets/materials/textures/road_albedo.png
-- Installing: /home/andres/solar_farm_sim/install/solar_farm_gz/share/solar_farm_gz/worlds/solar_farm_assets/materials/textures/pv_atlas_04_thermal.png
-- Installing: /home/andres/solar_farm_sim/install/solar_farm_gz/share/solar_farm_gz/worlds/solar_farm_assets/materials/textures/pv_atlas_12_albedo.png
-- Installing: /home/andres/solar_farm_sim/install/solar_farm_gz/share/solar_farm_gz/worlds/solar_farm_assets/materials/textures/pv_atlas_19_roughness.png
-- Installing: /home/andres/solar_farm_sim/install/solar_farm_gz/share/solar_farm_gz/worlds/solar_farm_assets/materials/textures/pv_atlas_03_roughness.png
-- Installing: /home/andres/solar_farm_sim/install/solar_farm_gz/share/solar_farm_gz/worlds/solar_farm_assets/materials/textures/pv_atlas_14_roughness.png
-- Installing: /home/andres/solar_farm_sim/install/solar_farm_gz/share/solar_farm_gz/worlds/solar_farm_assets/materials/textures/pv_atlas_16_roughness.png
-- Installing: /home/andres/solar_farm_sim/install/solar_farm_gz/share/solar_farm_gz/worlds/solar_farm_assets/materials/textures/pv_atlas_15_albedo.png
-- Installing: /home/andres/solar_farm_sim/install/solar_farm_gz/share/solar_farm_gz/worlds/solar_farm_assets/meshes
-- Installing: /home/andres/solar_farm_sim/install/solar_farm_gz/share/solar_farm_gz/worlds/solar_farm_assets/meshes/road.obj
-- Installing: /home/andres/solar_farm_sim/install/solar_farm_gz/share/solar_farm_gz/worlds/solar_farm_assets/meshes/fence_posts.obj
-- Installing: /home/andres/solar_farm_sim/install/solar_farm_gz/share/solar_farm_gz/worlds/solar_farm_assets/meshes/pv_glass.obj
-- Installing: /home/andres/solar_farm_sim/install/solar_farm_gz/share/solar_farm_gz/worlds/solar_farm_assets/meshes/pv_rack.obj
-- Installing: /home/andres/solar_farm_sim/install/solar_farm_gz/share/solar_farm_gz/worlds/solar_farm_assets/meshes/ground.obj
-- Installing: /home/andres/solar_farm_sim/install/solar_farm_gz/share/solar_farm_gz/worlds/solar_farm_assets/meshes/fence_fabric.obj
-- Installing: /home/andres/solar_farm_sim/install/solar_farm_gz/share/solar_farm_gz/worlds/solar_farm_assets/model.config
-- Installing: /home/andres/solar_farm_sim/install/solar_farm_gz/share/solar_farm_gz/environment/resource_paths.dsv
-- Installing: /home/andres/solar_farm_sim/install/solar_farm_gz/share/ament_index/resource_index/package_run_dependencies/solar_farm_gz
-- Installing: /home/andres/solar_farm_sim/install/solar_farm_gz/share/ament_index/resource_index/parent_prefix_path/solar_farm_gz
-- Installing: /home/andres/solar_farm_sim/install/solar_farm_gz/share/solar_farm_gz/environment/ament_prefix_path.sh
-- Installing: /home/andres/solar_farm_sim/install/solar_farm_gz/share/solar_farm_gz/environment/ament_prefix_path.dsv
-- Installing: /home/andres/solar_farm_sim/install/solar_farm_gz/share/solar_farm_gz/environment/path.sh
-- Installing: /home/andres/solar_farm_sim/install/solar_farm_gz/share/solar_farm_gz/environment/path.dsv
-- Installing: /home/andres/solar_farm_sim/install/solar_farm_gz/share/solar_farm_gz/local_setup.bash
-- Installing: /home/andres/solar_farm_sim/install/solar_farm_gz/share/solar_farm_gz/local_setup.sh
-- Installing: /home/andres/solar_farm_sim/install/solar_farm_gz/share/solar_farm_gz/local_setup.zsh
-- Installing: /home/andres/solar_farm_sim/install/solar_farm_gz/share/solar_farm_gz/local_setup.dsv
-- Installing: /home/andres/solar_farm_sim/install/solar_farm_gz/share/solar_farm_gz/package.dsv
-- Installing: /home/andres/solar_farm_sim/install/solar_farm_gz/share/ament_index/resource_index/packages/solar_farm_gz
-- Installing: /home/andres/solar_farm_sim/install/solar_farm_gz/share/solar_farm_gz/cmake/solar_farm_gzConfig.cmake
-- Installing: /home/andres/solar_farm_sim/install/solar_farm_gz/share/solar_farm_gz/cmake/solar_farm_gzConfig-version.cmake
-- Installing: /home/andres/solar_farm_sim/install/solar_farm_gz/share/solar_farm_gz/package.xml
