[0.014s] Invoking command in '/home/andres/solar_farm_sim/build/solar_farm_gz': CMAKE_PREFIX_PATH=${CMAKE_PREFIX_PATH}:/opt/ros/jazzy DEBUGINFOD_URLS=https://debuginfod.ubuntu.com PS1=\[\e]0;\u@\h: \w\a\]${debian_chroot:+($debian_chroot)}\[\033[01;32m\]\u@\h\[\033[00m\]:\[\033[01;34m\]\w\[\033[00m\]\$ VIRTUAL_ENV_PROMPT=(venv-ardupilot) /usr/bin/cmake /home/andres/solar_farm_sim/src/solar_farm_gz -DCMAKE_INSTALL_PREFIX=/home/andres/solar_farm_sim/install/solar_farm_gz
[0.257s] -- The C compiler identification is GNU 13.3.0
[0.411s] -- The CXX compiler identification is GNU 13.3.0
[0.463s] -- Detecting C compiler ABI info
[0.644s] -- Detecting C compiler ABI info - done
[0.660s] -- Check for working C compiler: /usr/lib/ccache/cc - skipped
[0.661s] -- Detecting C compile features
[0.661s] -- Detecting C compile features - done
[0.687s] -- Detecting CXX compiler ABI info
[0.843s] -- Detecting CXX compiler ABI info - done
[0.863s] -- Check for working CXX compiler: /usr/lib/ccache/c++ - skipped
[0.863s] -- Detecting CXX compile features
[0.864s] -- Detecting CXX compile features - done
[0.875s] -- Found ament_cmake: 2.5.6 (/opt/ros/jazzy/share/ament_cmake/cmake)
[1.141s] -- Found Python3: /home/andres/venv-ardupilot/bin/python3 (found version "3.12.3") found components: Interpreter 
[1.691s] -- Configuring done (1.6s)
[1.698s] -- Generating done (0.0s)
[1.702s] -- Build files have been written to: /home/andres/solar_farm_sim/build/solar_farm_gz
[1.713s] Invoked command in '/home/andres/solar_farm_sim/build/solar_farm_gz' returned '0': CMAKE_PREFIX_PATH=${CMAKE_PREFIX_PATH}:/opt/ros/jazzy DEBUGINFOD_URLS=https://debuginfod.ubuntu.com PS1=\[\e]0;\u@\h: \w\a\]${debian_chroot:+($debian_chroot)}\[\033[01;32m\]\u@\h\[\033[00m\]:\[\033[01;34m\]\w\[\033[00m\]\$ VIRTUAL_ENV_PROMPT=(venv-ardupilot) /usr/bin/cmake /home/andres/solar_farm_sim/src/solar_farm_gz -DCMAKE_INSTALL_PREFIX=/home/andres/solar_farm_sim/install/solar_farm_gz
[1.715s] Invoking command in '/home/andres/solar_farm_sim/build/solar_farm_gz': CMAKE_PREFIX_PATH=${CMAKE_PREFIX_PATH}:/opt/ros/jazzy DEBUGINFOD_URLS=https://debuginfod.ubuntu.com PS1=\[\e]0;\u@\h: \w\a\]${debian_chroot:+($debian_chroot)}\[\033[01;32m\]\u@\h\[\033[00m\]:\[\033[01;34m\]\w\[\033[00m\]\$ VIRTUAL_ENV_PROMPT=(venv-ardupilot) /usr/bin/cmake --build /home/andres/solar_farm_sim/build/solar_farm_gz -- -j16 -l16
[1.814s] Built target ament_cmake_python_copy_solar_farm_gz
[2.175s] running egg_info
[2.194s] creating solar_farm_gz.egg-info
[2.194s] writing solar_farm_gz.egg-info/PKG-INFO
[2.195s] writing dependency_links to solar_farm_gz.egg-info/dependency_links.txt
[2.195s] writing top-level names to solar_farm_gz.egg-info/top_level.txt
[2.195s] writing manifest file 'solar_farm_gz.egg-info/SOURCES.txt'
[2.246s] reading manifest file 'solar_farm_gz.egg-info/SOURCES.txt'
[2.247s] writing manifest file 'solar_farm_gz.egg-info/SOURCES.txt'
[2.297s] Built target ament_cmake_python_build_solar_farm_gz_egg
[2.321s] Invoked command in '/home/andres/solar_farm_sim/build/solar_farm_gz' returned '0': CMAKE_PREFIX_PATH=${CMAKE_PREFIX_PATH}:/opt/ros/jazzy DEBUGINFOD_URLS=https://debuginfod.ubuntu.com PS1=\[\e]0;\u@\h: \w\a\]${debian_chroot:+($debian_chroot)}\[\033[01;32m\]\u@\h\[\033[00m\]:\[\033[01;34m\]\w\[\033[00m\]\$ VIRTUAL_ENV_PROMPT=(venv-ardupilot) /usr/bin/cmake --build /home/andres/solar_farm_sim/build/solar_farm_gz -- -j16 -l16
[2.340s] Invoking command in '/home/andres/solar_farm_sim/build/solar_farm_gz': CMAKE_PREFIX_PATH=${CMAKE_PREFIX_PATH}:/opt/ros/jazzy DEBUGINFOD_URLS=https://debuginfod.ubuntu.com PS1=\[\e]0;\u@\h: \w\a\]${debian_chroot:+($debian_chroot)}\[\033[01;32m\]\u@\h\[\033[00m\]:\[\033[01;34m\]\w\[\033[00m\]\$ VIRTUAL_ENV_PROMPT=(venv-ardupilot) /usr/bin/cmake --install /home/andres/solar_farm_sim/build/solar_farm_gz
[2.359s] -- Install configuration: ""
[2.359s] -- Installing: /home/andres/solar_farm_sim/install/solar_farm_gz/share/solar_farm_gz/environment/pythonpath.sh
[2.360s] -- Installing: /home/andres/solar_farm_sim/install/solar_farm_gz/share/solar_farm_gz/environment/pythonpath.dsv
[2.360s] -- Installing: /home/andres/solar_farm_sim/install/solar_farm_gz/lib/python3.12/site-packages/solar_farm_gz-0.1.0-py3.12.egg-info
[2.360s] -- Installing: /home/andres/solar_farm_sim/install/solar_farm_gz/lib/python3.12/site-packages/solar_farm_gz-0.1.0-py3.12.egg-info/PKG-INFO
[2.361s] -- Installing: /home/andres/solar_farm_sim/install/solar_farm_gz/lib/python3.12/site-packages/solar_farm_gz-0.1.0-py3.12.egg-info/SOURCES.txt
[2.361s] -- Installing: /home/andres/solar_farm_sim/install/solar_farm_gz/lib/python3.12/site-packages/solar_farm_gz-0.1.0-py3.12.egg-info/dependency_links.txt
[2.361s] -- Installing: /home/andres/solar_farm_sim/install/solar_farm_gz/lib/python3.12/site-packages/solar_farm_gz-0.1.0-py3.12.egg-info/top_level.txt
[2.361s] -- Installing: /home/andres/solar_farm_sim/install/solar_farm_gz/lib/python3.12/site-packages/solar_farm_gz
[2.361s] -- Installing: /home/andres/solar_farm_sim/install/solar_farm_gz/lib/python3.12/site-packages/solar_farm_gz/capture.py
[2.361s] -- Installing: /home/andres/solar_farm_sim/install/solar_farm_gz/lib/python3.12/site-packages/solar_farm_gz/pv_mesh.py
[2.361s] -- Installing: /home/andres/solar_farm_sim/install/solar_farm_gz/lib/python3.12/site-packages/solar_farm_gz/pv_textures.py
[2.361s] -- Installing: /home/andres/solar_farm_sim/install/solar_farm_gz/lib/python3.12/site-packages/solar_farm_gz/site.py
[2.361s] -- Installing: /home/andres/solar_farm_sim/install/solar_farm_gz/lib/python3.12/site-packages/solar_farm_gz/gpu.py
[2.361s] -- Installing: /home/andres/solar_farm_sim/install/solar_farm_gz/lib/python3.12/site-packages/solar_farm_gz/flight_video.py
[2.362s] -- Installing: /home/andres/solar_farm_sim/install/solar_farm_gz/lib/python3.12/site-packages/solar_farm_gz/__init__.py
[2.362s] -- Installing: /home/andres/solar_farm_sim/install/solar_farm_gz/lib/python3.12/site-packages/solar_farm_gz/teleop_joy.py
[2.362s] -- Installing: /home/andres/solar_farm_sim/install/solar_farm_gz/lib/python3.12/site-packages/solar_farm_gz/generate_farm.py
[2.456s] Listing '/home/andres/solar_farm_sim/install/solar_farm_gz/lib/python3.12/site-packages/solar_farm_gz'...
[2.456s] Compiling '/home/andres/solar_farm_sim/install/solar_farm_gz/lib/python3.12/site-packages/solar_farm_gz/__init__.py'...
[2.456s] Compiling '/home/andres/solar_farm_sim/install/solar_farm_gz/lib/python3.12/site-packages/solar_farm_gz/capture.py'...
[2.456s] Compiling '/home/andres/solar_farm_sim/install/solar_farm_gz/lib/python3.12/site-packages/solar_farm_gz/flight_video.py'...
[2.457s] Compiling '/home/andres/solar_farm_sim/install/solar_farm_gz/lib/python3.12/site-packages/solar_farm_gz/generate_farm.py'...
[2.457s] Compiling '/home/andres/solar_farm_sim/install/solar_farm_gz/lib/python3.12/site-packages/solar_farm_gz/gpu.py'...
[2.457s] Compiling '/home/andres/solar_farm_sim/install/solar_farm_gz/lib/python3.12/site-packages/solar_farm_gz/pv_mesh.py'...
[2.457s] Compiling '/home/andres/solar_farm_sim/install/solar_farm_gz/lib/python3.12/site-packages/solar_farm_gz/pv_textures.py'...
[2.457s] Compiling '/home/andres/solar_farm_sim/install/solar_farm_gz/lib/python3.12/site-packages/solar_farm_gz/site.py'...
[2.457s] Compiling '/home/andres/solar_farm_sim/install/solar_farm_gz/lib/python3.12/site-packages/solar_farm_gz/teleop_joy.py'...
[2.466s] -- Installing: /home/andres/solar_farm_sim/install/solar_farm_gz/lib/solar_farm_gz/generate_farm
[2.467s] -- Installing: /home/andres/solar_farm_sim/install/solar_farm_gz/lib/solar_farm_gz/capture
[2.467s] -- Installing: /home/andres/solar_farm_sim/install/solar_farm_gz/lib/solar_farm_gz/teleop_joy
[2.467s] -- Installing: /home/andres/solar_farm_sim/install/solar_farm_gz/lib/solar_farm_gz/flight_video
[2.467s] -- Installing: /home/andres/solar_farm_sim/install/solar_farm_gz/share/solar_farm_gz/launch
[2.467s] -- Installing: /home/andres/solar_farm_sim/install/solar_farm_gz/share/solar_farm_gz/launch/solar_farm.launch.py
[2.467s] -- Installing: /home/andres/solar_farm_sim/install/solar_farm_gz/share/solar_farm_gz/launch/inspection.launch.py
[2.468s] -- Installing: /home/andres/solar_farm_sim/install/solar_farm_gz/share/solar_farm_gz/models
[2.468s] -- Installing: /home/andres/solar_farm_sim/install/solar_farm_gz/share/solar_farm_gz/models/x500_rgb
[2.468s] -- Installing: /home/andres/solar_farm_sim/install/solar_farm_gz/share/solar_farm_gz/models/x500_rgb/model.config
[2.468s] -- Installing: /home/andres/solar_farm_sim/install/solar_farm_gz/share/solar_farm_gz/models/x500_rgb/model.sdf
[2.468s] -- Installing: /home/andres/solar_farm_sim/install/solar_farm_gz/share/solar_farm_gz/gui
[2.468s] -- Installing: /home/andres/solar_farm_sim/install/solar_farm_gz/share/solar_farm_gz/gui/inspection.config
[2.468s] -- Installing: /home/andres/solar_farm_sim/install/solar_farm_gz/share/solar_farm_gz/worlds
[2.468s] -- Installing: /home/andres/solar_farm_sim/install/solar_farm_gz/share/solar_farm_gz/worlds/solar_farm.sdf
[2.469s] -- Installing: /home/andres/solar_farm_sim/install/solar_farm_gz/share/solar_farm_gz/worlds/defects.json
[2.469s] -- Installing: /home/andres/solar_farm_sim/install/solar_farm_gz/share/solar_farm_gz/worlds/solar_farm_assets
[2.469s] -- Installing: /home/andres/solar_farm_sim/install/solar_farm_gz/share/solar_farm_gz/worlds/solar_farm_assets/materials
[2.469s] -- Installing: /home/andres/solar_farm_sim/install/solar_farm_gz/share/solar_farm_gz/worlds/solar_farm_assets/materials/textures
[2.469s] -- Installing: /home/andres/solar_farm_sim/install/solar_farm_gz/share/solar_farm_gz/worlds/solar_farm_assets/materials/textures/pv_atlas_03_thermal.png
[2.470s] -- Installing: /home/andres/solar_farm_sim/install/solar_farm_gz/share/solar_farm_gz/worlds/solar_farm_assets/materials/textures/pv_atlas_09_roughness.png
[2.470s] -- Installing: /home/andres/solar_farm_sim/install/solar_farm_gz/share/solar_farm_gz/worlds/solar_farm_assets/materials/textures/pv_atlas_14_albedo.png
[2.473s] -- Installing: /home/andres/solar_farm_sim/install/solar_farm_gz/share/solar_farm_gz/worlds/solar_farm_assets/materials/textures/pv_atlas_12_thermal.png
[2.473s] -- Installing: /home/andres/solar_farm_sim/install/solar_farm_gz/share/solar_farm_gz/worlds/solar_farm_assets/materials/textures/ground_albedo.png
[2.476s] -- Installing: /home/andres/solar_farm_sim/install/solar_farm_gz/share/solar_farm_gz/worlds/solar_farm_assets/materials/textures/pv_atlas_06_thermal.png
[2.477s] -- Installing: /home/andres/solar_farm_sim/install/solar_farm_gz/share/solar_farm_gz/worlds/solar_farm_assets/materials/textures/pv_atlas_17_roughness.png
[2.477s] -- Installing: /home/andres/solar_farm_sim/install/solar_farm_gz/share/solar_farm_gz/worlds/solar_farm_assets/materials/textures/site_roughness.png
[2.477s] -- Installing: /home/andres/solar_farm_sim/install/solar_farm_gz/share/solar_farm_gz/worlds/solar_farm_assets/materials/textures/pv_atlas_18_albedo.png
[2.480s] -- Installing: /home/andres/solar_farm_sim/install/solar_farm_gz/share/solar_farm_gz/worlds/solar_farm_assets/materials/textures/pv_atlas_10_roughness.png
[2.480s] -- Installing: /home/andres/solar_farm_sim/install/solar_farm_gz/share/solar_farm_gz/worlds/solar_farm_assets/materials/textures/pv_atlas_10_albedo.png
[2.482s] -- Installing: /home/andres/solar_farm_sim/install/solar_farm_gz/share/solar_farm_gz/worlds/solar_farm_assets/materials/textures/pv_atlas_14_thermal.png
[2.483s] -- Installing: /home/andres/solar_farm_sim/install/solar_farm_gz/share/solar_farm_gz/worlds/solar_farm_assets/materials/textures/pv_atlas_11_thermal.png
[2.483s] -- Installing: /home/andres/solar_farm_sim/install/solar_farm_gz/share/solar_farm_gz/worlds/solar_farm_assets/materials/textures/pv_atlas_00_albedo.png
[2.485s] -- Installing: /home/andres/solar_farm_sim/install/solar_farm_gz/share/solar_farm_gz/worlds/solar_farm_assets/materials/textures/pv_atlas_16_thermal.png
[2.486s] -- Installing: /home/andres/solar_farm_sim/install/solar_farm_gz/share/solar_farm_gz/worlds/solar_farm_assets/materials/textures/pv_atlas_05_roughness.png
[2.486s] -- Installing: /home/andres/solar_farm_sim/install/solar_farm_gz/share/solar_farm_gz/worlds/solar_farm_assets/materials/textures/pv_atlas_15_roughness.png
[2.486s] -- Installing: /home/andres/solar_farm_sim/install/solar_farm_gz/share/solar_farm_gz/worlds/solar_farm_assets/materials/textures/pv_atlas_00_roughness.png
[2.486s] -- Installing: /home/andres/solar_farm_sim/install/solar_farm_gz/share/solar_farm_gz/worlds/solar_farm_assets/materials/textures/pv_atlas_01_thermal.png
[2.487s] -- Installing: /home/andres/solar_farm_sim/install/solar_farm_gz/share/solar_farm_gz/worlds/solar_farm_assets/materials/textures/pv_atlas_05_albedo.png
[2.490s] -- Installing: /home/andres/solar_farm_sim/install/solar_farm_gz/share/solar_farm_gz/worlds/solar_farm_assets/materials/textures/pv_atlas_07_roughness.png
[2.490s] -- Installing: /home/andres/solar_farm_sim/install/solar_farm_gz/share/solar_farm_gz/worlds/solar_farm_assets/materials/textures/pv_atlas_09_thermal.png
[2.491s] -- Installing: /home/andres/solar_farm_sim/install/solar_farm_gz/share/solar_farm_gz/worlds/solar_farm_assets/materials/textures/pv_atlas_02_roughness.png
[2.491s] -- Installing: /home/andres/solar_farm_sim/install/solar_farm_gz/share/solar_farm_gz/worlds/solar_farm_assets/materials/textures/pv_atlas_02_albedo.png
[2.493s] -- Installing: /home/andres/solar_farm_sim/install/solar_farm_gz/share/solar_farm_gz/worlds/solar_farm_assets/materials/textures/pv_atlas_13_albedo.png
[2.495s] -- Installing: /home/andres/solar_farm_sim/install/solar_farm_gz/share/solar_farm_gz/worlds/solar_farm_assets/materials/textures/pv_atlas_18_roughness.png
[2.496s] -- Installing: /home/andres/solar_farm_sim/install/solar_farm_gz/share/solar_farm_gz/worlds/solar_farm_assets/materials/textures/pv_atlas_08_roughness.png
[2.497s] -- Installing: /home/andres/solar_farm_sim/install/solar_farm_gz/share/solar_farm_gz/worlds/solar_farm_assets/materials/textures/pv_atlas_02_thermal.png
[2.497s] -- Installing: /home/andres/solar_farm_sim/install/solar_farm_gz/share/solar_farm_gz/worlds/solar_farm_assets/materials/textures/pv_atlas_11_roughness.png
[2.497s] -- Installing: /home/andres/solar_farm_sim/install/solar_farm_gz/share/solar_farm_gz/worlds/solar_farm_assets/materials/textures/pv_atlas_00_thermal.png
[2.498s] -- Installing: /home/andres/solar_farm_sim/install/solar_farm_gz/share/solar_farm_gz/worlds/solar_farm_assets/materials/textures/pv_atlas_06_roughness.png
[2.498s] -- Installing: /home/andres/solar_farm_sim/install/solar_farm_gz/share/solar_farm_gz/worlds/solar_farm_assets/materials/textures/pv_atlas_19_albedo.png
[2.498s] -- Installing: /home/andres/solar_farm_sim/install/solar_farm_gz/share/solar_farm_gz/worlds/solar_farm_assets/materials/textures/pv_atlas_01_albedo.png
[2.500s] -- Installing: /home/andres/solar_farm_sim/install/solar_farm_gz/share/solar_farm_gz/worlds/solar_farm_assets/materials/textures/pv_atlas_13_roughness.png
[2.500s] -- Installing: /home/andres/solar_farm_sim/install/solar_farm_gz/share/solar_farm_gz/worlds/solar_farm_assets/materials/textures/pv_atlas_01_roughness.png
[2.501s] -- Installing: /home/andres/solar_farm_sim/install/solar_farm_gz/share/solar_farm_gz/worlds/solar_farm_assets/materials/textures/pv_atlas_17_albedo.png
[2.503s] -- Installing: /home/andres/solar_farm_sim/install/solar_farm_gz/share/solar_farm_gz/worlds/solar_farm_assets/materials/textures/pv_atlas_17_thermal.png
[2.503s] -- Installing: /home/andres/solar_farm_sim/install/solar_farm_gz/share/solar_farm_gz/worlds/solar_farm_assets/materials/textures/pv_atlas_07_albedo.png
[2.505s] -- Installing: /home/andres/solar_farm_sim/install/solar_farm_gz/share/solar_farm_gz/worlds/solar_farm_assets/materials/textures/inverter_albedo.png
[2.505s] -- Installing: /home/andres/solar_farm_sim/install/solar_farm_gz/share/solar_farm_gz/worlds/solar_farm_assets/materials/textures/pv_atlas_12_roughness.png
[2.506s] -- Installing: /home/andres/solar_farm_sim/install/solar_farm_gz/share/solar_farm_gz/worlds/solar_farm_assets/materials/textures/pv_atlas_19_thermal.png
[2.507s] -- Installing: /home/andres/solar_farm_sim/install/solar_farm_gz/share/solar_farm_gz/worlds/solar_farm_assets/materials/textures/pv_normal.png
[2.507s] -- Installing: /home/andres/solar_farm_sim/install/solar_farm_gz/share/solar_farm_gz/worlds/solar_farm_assets/materials/textures/pv_atlas_05_thermal.png
[2.508s] -- Installing: /home/andres/solar_farm_sim/install/solar_farm_gz/share/solar_farm_gz/worlds/solar_farm_assets/materials/textures/pv_atlas_18_thermal.png
[2.508s] -- Installing: /home/andres/solar_farm_sim/install/solar_farm_gz/share/solar_farm_gz/worlds/solar_farm_assets/materials/textures/pv_atlas_13_thermal.png
[2.509s] -- Installing: /home/andres/solar_farm_sim/install/solar_farm_gz/share/solar_farm_gz/worlds/solar_farm_assets/materials/textures/pv_atlas_15_thermal.png
[2.509s] -- Installing: /home/andres/solar_farm_sim/install/solar_farm_gz/share/solar_farm_gz/worlds/solar_farm_assets/materials/textures/pv_atlas_08_thermal.png
[2.510s] -- Installing: /home/andres/solar_farm_sim/install/solar_farm_gz/share/solar_farm_gz/worlds/solar_farm_assets/materials/textures/pv_atlas_07_thermal.png
[2.510s] -- Installing: /home/andres/solar_farm_sim/install/solar_farm_gz/share/solar_farm_gz/worlds/solar_farm_assets/materials/textures/pv_atlas_10_thermal.png
[2.511s] -- Installing: /home/andres/solar_farm_sim/install/solar_farm_gz/share/solar_farm_gz/worlds/solar_farm_assets/materials/textures/pv_atlas_04_roughness.png
[2.511s] -- Installing: /home/andres/solar_farm_sim/install/solar_farm_gz/share/solar_farm_gz/worlds/solar_farm_assets/materials/textures/pv_atlas_11_albedo.png
[2.511s] -- Installing: /home/andres/solar_farm_sim/install/solar_farm_gz/share/solar_farm_gz/worlds/solar_farm_assets/materials/textures/pv_atlas_09_albedo.png
[2.514s] -- Installing: /home/andres/solar_farm_sim/install/solar_farm_gz/share/solar_farm_gz/worlds/solar_farm_assets/materials/textures/pv_atlas_06_albedo.png
[2.515s] -- Installing: /home/andres/solar_farm_sim/install/solar_farm_gz/share/solar_farm_gz/worlds/solar_farm_assets/materials/textures/fence_fabric.png
[2.516s] -- Installing: /home/andres/solar_farm_sim/install/solar_farm_gz/share/solar_farm_gz/worlds/solar_farm_assets/materials/textures/pv_atlas_03_albedo.png
[2.518s] -- Installing: /home/andres/solar_farm_sim/install/solar_farm_gz/share/solar_farm_gz/worlds/solar_farm_assets/materials/textures/pv_atlas_16_albedo.png
[2.519s] -- Installing: /home/andres/solar_farm_sim/install/solar_farm_gz/share/solar_farm_gz/worlds/solar_farm_assets/materials/textures/pv_atlas_04_albedo.png
[2.521s] -- Installing: /home/andres/solar_farm_sim/install/solar_farm_gz/share/solar_farm_gz/worlds/solar_farm_assets/materials/textures/pv_atlas_08_albedo.png
[2.523s] -- Installing: /home/andres/solar_farm_sim/install/solar_farm_gz/share/solar_farm_gz/worlds/solar_farm_assets/materials/textures/road_albedo.png
[2.524s] -- Installing: /home/andres/solar_farm_sim/install/solar_farm_gz/share/solar_farm_gz/worlds/solar_farm_assets/materials/textures/pv_atlas_04_thermal.png
[2.524s] -- Installing: /home/andres/solar_farm_sim/install/solar_farm_gz/share/solar_farm_gz/worlds/solar_farm_assets/materials/textures/pv_atlas_12_albedo.png
[2.526s] -- Installing: /home/andres/solar_farm_sim/install/solar_farm_gz/share/solar_farm_gz/worlds/solar_farm_assets/materials/textures/pv_atlas_19_roughness.png
[2.526s] -- Installing: /home/andres/solar_farm_sim/install/solar_farm_gz/share/solar_farm_gz/worlds/solar_farm_assets/materials/textures/pv_atlas_03_roughness.png
[2.527s] -- Installing: /home/andres/solar_farm_sim/install/solar_farm_gz/share/solar_farm_gz/worlds/solar_farm_assets/materials/textures/pv_atlas_14_roughness.png
[2.527s] -- Installing: /home/andres/solar_farm_sim/install/solar_farm_gz/share/solar_farm_gz/worlds/solar_farm_assets/materials/textures/pv_atlas_16_roughness.png
[2.528s] -- Installing: /home/andres/solar_farm_sim/install/solar_farm_gz/share/solar_farm_gz/worlds/solar_farm_assets/materials/textures/pv_atlas_15_albedo.png
[2.529s] -- Installing: /home/andres/solar_farm_sim/install/solar_farm_gz/share/solar_farm_gz/worlds/solar_farm_assets/meshes
[2.529s] -- Installing: /home/andres/solar_farm_sim/install/solar_farm_gz/share/solar_farm_gz/worlds/solar_farm_assets/meshes/road.obj
[2.530s] -- Installing: /home/andres/solar_farm_sim/install/solar_farm_gz/share/solar_farm_gz/worlds/solar_farm_assets/meshes/fence_posts.obj
[2.531s] -- Installing: /home/andres/solar_farm_sim/install/solar_farm_gz/share/solar_farm_gz/worlds/solar_farm_assets/meshes/pv_glass.obj
[2.531s] -- Installing: /home/andres/solar_farm_sim/install/solar_farm_gz/share/solar_farm_gz/worlds/solar_farm_assets/meshes/pv_rack.obj
[2.531s] -- Installing: /home/andres/solar_farm_sim/install/solar_farm_gz/share/solar_farm_gz/worlds/solar_farm_assets/meshes/ground.obj
[2.532s] -- Installing: /home/andres/solar_farm_sim/install/solar_farm_gz/share/solar_farm_gz/worlds/solar_farm_assets/meshes/fence_fabric.obj
[2.532s] -- Installing: /home/andres/solar_farm_sim/install/solar_farm_gz/share/solar_farm_gz/worlds/solar_farm_assets/model.config
[2.532s] -- Installing: /home/andres/solar_farm_sim/install/solar_farm_gz/share/solar_farm_gz/environment/resource_paths.dsv
[2.533s] -- Installing: /home/andres/solar_farm_sim/install/solar_farm_gz/share/ament_index/resource_index/package_run_dependencies/solar_farm_gz
[2.533s] -- Installing: /home/andres/solar_farm_sim/install/solar_farm_gz/share/ament_index/resource_index/parent_prefix_path/solar_farm_gz
[2.533s] -- Installing: /home/andres/solar_farm_sim/install/solar_farm_gz/share/solar_farm_gz/environment/ament_prefix_path.sh
[2.533s] -- Installing: /home/andres/solar_farm_sim/install/solar_farm_gz/share/solar_farm_gz/environment/ament_prefix_path.dsv
[2.534s] -- Installing: /home/andres/solar_farm_sim/install/solar_farm_gz/share/solar_farm_gz/environment/path.sh
[2.534s] -- Installing: /home/andres/solar_farm_sim/install/solar_farm_gz/share/solar_farm_gz/environment/path.dsv
[2.534s] -- Installing: /home/andres/solar_farm_sim/install/solar_farm_gz/share/solar_farm_gz/local_setup.bash
[2.534s] -- Installing: /home/andres/solar_farm_sim/install/solar_farm_gz/share/solar_farm_gz/local_setup.sh
[2.535s] -- Installing: /home/andres/solar_farm_sim/install/solar_farm_gz/share/solar_farm_gz/local_setup.zsh
[2.535s] -- Installing: /home/andres/solar_farm_sim/install/solar_farm_gz/share/solar_farm_gz/local_setup.dsv
[2.535s] -- Installing: /home/andres/solar_farm_sim/install/solar_farm_gz/share/solar_farm_gz/package.dsv
[2.536s] -- Installing: /home/andres/solar_farm_sim/install/solar_farm_gz/share/ament_index/resource_index/packages/solar_farm_gz
[2.536s] -- Installing: /home/andres/solar_farm_sim/install/solar_farm_gz/share/solar_farm_gz/cmake/solar_farm_gzConfig.cmake
[2.536s] -- Installing: /home/andres/solar_farm_sim/install/solar_farm_gz/share/solar_farm_gz/cmake/solar_farm_gzConfig-version.cmake
[2.536s] -- Installing: /home/andres/solar_farm_sim/install/solar_farm_gz/share/solar_farm_gz/package.xml
[2.538s] Invoked command in '/home/andres/solar_farm_sim/build/solar_farm_gz' returned '0': CMAKE_PREFIX_PATH=${CMAKE_PREFIX_PATH}:/opt/ros/jazzy DEBUGINFOD_URLS=https://debuginfod.ubuntu.com PS1=\[\e]0;\u@\h: \w\a\]${debian_chroot:+($debian_chroot)}\[\033[01;32m\]\u@\h\[\033[00m\]:\[\033[01;34m\]\w\[\033[00m\]\$ VIRTUAL_ENV_PROMPT=(venv-ardupilot) /usr/bin/cmake --install /home/andres/solar_farm_sim/build/solar_farm_gz
