[0.186s] DEBUG:colcon:Command line arguments: ['/usr/bin/colcon', 'build', '--packages-select', 'solar_farm_gz']
[0.186s] DEBUG:colcon:Parsed command line arguments: Namespace(log_base=None, log_level=None, verb_name='build', build_base='build', install_base='install', merge_install=False, symlink_install=False, test_result_base=None, continue_on_error=False, executor='parallel', parallel_workers=16, event_handlers=None, ignore_user_meta=False, metas=['./colcon.meta'], base_paths=['.'], packages_ignore=None, packages_ignore_regex=None, paths=None, packages_up_to=None, packages_up_to_regex=None, packages_above=None, packages_above_and_dependencies=None, packages_above_depth=None, packages_select_by_dep=None, packages_skip_by_dep=None, packages_skip_up_to=None, packages_select_build_failed=False, packages_skip_build_finished=False, packages_select_test_failures=False, packages_skip_test_passed=False, packages_select=['solar_farm_gz'], packages_skip=None, packages_select_regex=None, packages_skip_regex=None, packages_start=None, packages_end=None, allow_overriding=[], cmake_args=None, cmake_target=None, cmake_target_skip_unavailable=False, cmake_clean_cache=False, cmake_clean_first=False, cmake_force_configure=False, ament_cmake_args=None, catkin_cmake_args=None, catkin_skip_building_tests=False, verb_parser=<colcon_defaults.argument_parser.defaults.DefaultArgumentsDecorator object at 0x74f521c825d0>, verb_extension=<colcon_core.verb.build.BuildVerb object at 0x74f521c81d60>, main=<bound method BuildVerb.main of <colcon_core.verb.build.BuildVerb object at 0x74f521c81d60>>)
[0.244s] Level 1:colcon.colcon_core.package_discovery:discover_packages(colcon_meta) check parameters
[0.244s] Level 1:colcon.colcon_core.package_discovery:discover_packages(recursive) check parameters
[0.244s] Level 1:colcon.colcon_core.package_discovery:discover_packages(ignore) check parameters
[0.244s] Level 1:colcon.colcon_core.package_discovery:discover_packages(path) check parameters
[0.244s] Level 1:colcon.colcon_core.package_discovery:discover_packages(colcon_meta) discover
[0.244s] Level 1:colcon.colcon_core.package_discovery:discover_packages(recursive) discover
[0.244s] INFO:colcon.colcon_core.package_discovery:Crawling recursively for packages in '/home/andres/solar_farm_sim'
[0.245s] Level 1:colcon.colcon_core.package_identification:_identify(.) by extensions ['ignore', 'ignore_ament_install']
[0.245s] Level 1:colcon.colcon_core.package_identification:_identify(.) by extension 'ignore'
[0.245s] Level 1:colcon.colcon_core.package_identification:_identify(.) by extension 'ignore_ament_install'
[0.245s] Level 1:colcon.colcon_core.package_identification:_identify(.) by extensions ['colcon_pkg']
[0.245s] Level 1:colcon.colcon_core.package_identification:_identify(.) by extension 'colcon_pkg'
[0.245s] Level 1:colcon.colcon_core.package_identification:_identify(.) by extensions ['colcon_meta']
[0.245s] Level 1:colcon.colcon_core.package_identification:_identify(.) by extension 'colcon_meta'
[0.245s] Level 1:colcon.colcon_core.package_identification:_identify(.) by extensions ['ros']
[0.245s] Level 1:colcon.colcon_core.package_identification:_identify(.) by extension 'ros'
[0.279s] Level 1:colcon.colcon_core.package_identification:_identify(.) by extensions ['cmake', 'python']
[0.279s] Level 1:colcon.colcon_core.package_identification:_identify(.) by extension 'cmake'
[0.279s] Level 1:colcon.colcon_core.package_identification:_identify(.) by extension 'python'
[0.279s] Level 1:colcon.colcon_core.package_identification:_identify(.) by extensions ['python_setup_py']
[0.279s] Level 1:colcon.colcon_core.package_identification:_identify(.) by extension 'python_setup_py'
[0.279s] Level 1:colcon.colcon_core.package_identification:_identify(build) by extensions ['ignore', 'ignore_ament_install']
[0.279s] Level 1:colcon.colcon_core.package_identification:_identify(build) by extension 'ignore'
[0.280s] Level 1:colcon.colcon_core.package_identification:_identify(build) ignored
[0.280s] Level 1:colcon.colcon_core.package_identification:_identify(docs) by extensions ['ignore', 'ignore_ament_install']
[0.280s] Level 1:colcon.colcon_core.package_identification:_identify(docs) by extension 'ignore'
[0.280s] Level 1:colcon.colcon_core.package_identification:_identify(docs) by extension 'ignore_ament_install'
[0.280s] Level 1:colcon.colcon_core.package_identification:_identify(docs) by extensions ['colcon_pkg']
[0.280s] Level 1:colcon.colcon_core.package_identification:_identify(docs) by extension 'colcon_pkg'
[0.280s] Level 1:colcon.colcon_core.package_identification:_identify(docs) by extensions ['colcon_meta']
[0.280s] Level 1:colcon.colcon_core.package_identification:_identify(docs) by extension 'colcon_meta'
[0.280s] Level 1:colcon.colcon_core.package_identification:_identify(docs) by extensions ['ros']
[0.280s] Level 1:colcon.colcon_core.package_identification:_identify(docs) by extension 'ros'
[0.280s] Level 1:colcon.colcon_core.package_identification:_identify(docs) by extensions ['cmake', 'python']
[0.280s] Level 1:colcon.colcon_core.package_identification:_identify(docs) by extension 'cmake'
[0.280s] Level 1:colcon.colcon_core.package_identification:_identify(docs) by extension 'python'
[0.280s] Level 1:colcon.colcon_core.package_identification:_identify(docs) by extensions ['python_setup_py']
[0.280s] Level 1:colcon.colcon_core.package_identification:_identify(docs) by extension 'python_setup_py'
[0.280s] Level 1:colcon.colcon_core.package_identification:_identify(docs/images) by extensions ['ignore', 'ignore_ament_install']
[0.280s] Level 1:colcon.colcon_core.package_identification:_identify(docs/images) by extension 'ignore'
[0.280s] Level 1:colcon.colcon_core.package_identification:_identify(docs/images) by extension 'ignore_ament_install'
[0.280s] Level 1:colcon.colcon_core.package_identification:_identify(docs/images) by extensions ['colcon_pkg']
[0.280s] Level 1:colcon.colcon_core.package_identification:_identify(docs/images) by extension 'colcon_pkg'
[0.280s] Level 1:colcon.colcon_core.package_identification:_identify(docs/images) by extensions ['colcon_meta']
[0.280s] Level 1:colcon.colcon_core.package_identification:_identify(docs/images) by extension 'colcon_meta'
[0.281s] Level 1:colcon.colcon_core.package_identification:_identify(docs/images) by extensions ['ros']
[0.281s] Level 1:colcon.colcon_core.package_identification:_identify(docs/images) by extension 'ros'
[0.281s] Level 1:colcon.colcon_core.package_identification:_identify(docs/images) by extensions ['cmake', 'python']
[0.281s] Level 1:colcon.colcon_core.package_identification:_identify(docs/images) by extension 'cmake'
[0.281s] Level 1:colcon.colcon_core.package_identification:_identify(docs/images) by extension 'python'
[0.281s] Level 1:colcon.colcon_core.package_identification:_identify(docs/images) by extensions ['python_setup_py']
[0.281s] Level 1:colcon.colcon_core.package_identification:_identify(docs/images) by extension 'python_setup_py'
[0.281s] Level 1:colcon.colcon_core.package_identification:_identify(install) by extensions ['ignore', 'ignore_ament_install']
[0.281s] Level 1:colcon.colcon_core.package_identification:_identify(install) by extension 'ignore'
[0.281s] Level 1:colcon.colcon_core.package_identification:_identify(install) ignored
[0.281s] Level 1:colcon.colcon_core.package_identification:_identify(log) by extensions ['ignore', 'ignore_ament_install']
[0.281s] Level 1:colcon.colcon_core.package_identification:_identify(log) by extension 'ignore'
[0.281s] Level 1:colcon.colcon_core.package_identification:_identify(log) ignored
[0.281s] Level 1:colcon.colcon_core.package_identification:_identify(src) by extensions ['ignore', 'ignore_ament_install']
[0.281s] Level 1:colcon.colcon_core.package_identification:_identify(src) by extension 'ignore'
[0.281s] Level 1:colcon.colcon_core.package_identification:_identify(src) by extension 'ignore_ament_install'
[0.281s] Level 1:colcon.colcon_core.package_identification:_identify(src) by extensions ['colcon_pkg']
[0.281s] Level 1:colcon.colcon_core.package_identification:_identify(src) by extension 'colcon_pkg'
[0.281s] Level 1:colcon.colcon_core.package_identification:_identify(src) by extensions ['colcon_meta']
[0.281s] Level 1:colcon.colcon_core.package_identification:_identify(src) by extension 'colcon_meta'
[0.281s] Level 1:colcon.colcon_core.package_identification:_identify(src) by extensions ['ros']
[0.281s] Level 1:colcon.colcon_core.package_identification:_identify(src) by extension 'ros'
[0.282s] Level 1:colcon.colcon_core.package_identification:_identify(src) by extensions ['cmake', 'python']
[0.282s] Level 1:colcon.colcon_core.package_identification:_identify(src) by extension 'cmake'
[0.282s] Level 1:colcon.colcon_core.package_identification:_identify(src) by extension 'python'
[0.282s] Level 1:colcon.colcon_core.package_identification:_identify(src) by extensions ['python_setup_py']
[0.282s] Level 1:colcon.colcon_core.package_identification:_identify(src) by extension 'python_setup_py'
[0.282s] Level 1:colcon.colcon_core.package_identification:_identify(src/solar_farm_gz) by extensions ['ignore', 'ignore_ament_install']
[0.282s] Level 1:colcon.colcon_core.package_identification:_identify(src/solar_farm_gz) by extension 'ignore'
[0.282s] Level 1:colcon.colcon_core.package_identification:_identify(src/solar_farm_gz) by extension 'ignore_ament_install'
[0.282s] Level 1:colcon.colcon_core.package_identification:_identify(src/solar_farm_gz) by extensions ['colcon_pkg']
[0.282s] Level 1:colcon.colcon_core.package_identification:_identify(src/solar_farm_gz) by extension 'colcon_pkg'
[0.282s] Level 1:colcon.colcon_core.package_identification:_identify(src/solar_farm_gz) by extensions ['colcon_meta']
[0.282s] Level 1:colcon.colcon_core.package_identification:_identify(src/solar_farm_gz) by extension 'colcon_meta'
[0.282s] Level 1:colcon.colcon_core.package_identification:_identify(src/solar_farm_gz) by extensions ['ros']
[0.282s] Level 1:colcon.colcon_core.package_identification:_identify(src/solar_farm_gz) by extension 'ros'
[0.286s] DEBUG:colcon.colcon_core.package_identification:Package 'src/solar_farm_gz' with type 'ros.ament_cmake' and name 'solar_farm_gz'
[0.286s] Level 1:colcon.colcon_core.package_identification:_identify(visuals) by extensions ['ignore', 'ignore_ament_install']
[0.286s] Level 1:colcon.colcon_core.package_identification:_identify(visuals) by extension 'ignore'
[0.286s] Level 1:colcon.colcon_core.package_identification:_identify(visuals) by extension 'ignore_ament_install'
[0.286s] Level 1:colcon.colcon_core.package_identification:_identify(visuals) by extensions ['colcon_pkg']
[0.286s] Level 1:colcon.colcon_core.package_identification:_identify(visuals) by extension 'colcon_pkg'
[0.286s] Level 1:colcon.colcon_core.package_identification:_identify(visuals) by extensions ['colcon_meta']
[0.286s] Level 1:colcon.colcon_core.package_identification:_identify(visuals) by extension 'colcon_meta'
[0.286s] Level 1:colcon.colcon_core.package_identification:_identify(visuals) by extensions ['ros']
[0.286s] Level 1:colcon.colcon_core.package_identification:_identify(visuals) by extension 'ros'
[0.287s] Level 1:colcon.colcon_core.package_identification:_identify(visuals) by extensions ['cmake', 'python']
[0.287s] Level 1:colcon.colcon_core.package_identification:_identify(visuals) by extension 'cmake'
[0.287s] Level 1:colcon.colcon_core.package_identification:_identify(visuals) by extension 'python'
[0.287s] Level 1:colcon.colcon_core.package_identification:_identify(visuals) by extensions ['python_setup_py']
[0.287s] Level 1:colcon.colcon_core.package_identification:_identify(visuals) by extension 'python_setup_py'
[0.287s] Level 1:colcon.colcon_core.package_discovery:discover_packages(recursive) using defaults
[0.287s] Level 1:colcon.colcon_core.package_discovery:discover_packages(ignore) discover
[0.287s] Level 1:colcon.colcon_core.package_discovery:discover_packages(ignore) using defaults
[0.287s] Level 1:colcon.colcon_core.package_discovery:discover_packages(path) discover
[0.287s] Level 1:colcon.colcon_core.package_discovery:discover_packages(path) using defaults
[0.310s] Level 1:colcon.colcon_core.package_discovery:discover_packages(prefix_path) check parameters
[0.310s] Level 1:colcon.colcon_core.package_discovery:discover_packages(prefix_path) discover
[0.314s] DEBUG:colcon.colcon_installed_package_information.package_discovery:Found 319 installed packages in /opt/ros/jazzy
[0.314s] Level 1:colcon.colcon_core.package_discovery:discover_packages(prefix_path) using defaults
[0.353s] Level 5:colcon.colcon_core.verb:set package 'solar_farm_gz' build argument 'cmake_args' from command line to 'None'
[0.353s] Level 5:colcon.colcon_core.verb:set package 'solar_farm_gz' build argument 'cmake_target' from command line to 'None'
[0.353s] Level 5:colcon.colcon_core.verb:set package 'solar_farm_gz' build argument 'cmake_target_skip_unavailable' from command line to 'False'
[0.353s] Level 5:colcon.colcon_core.verb:set package 'solar_farm_gz' build argument 'cmake_clean_cache' from command line to 'False'
[0.353s] Level 5:colcon.colcon_core.verb:set package 'solar_farm_gz' build argument 'cmake_clean_first' from command line to 'False'
[0.353s] Level 5:colcon.colcon_core.verb:set package 'solar_farm_gz' build argument 'cmake_force_configure' from command line to 'False'
[0.353s] Level 5:colcon.colcon_core.verb:set package 'solar_farm_gz' build argument 'ament_cmake_args' from command line to 'None'
[0.353s] Level 5:colcon.colcon_core.verb:set package 'solar_farm_gz' build argument 'catkin_cmake_args' from command line to 'None'
[0.353s] Level 5:colcon.colcon_core.verb:set package 'solar_farm_gz' build argument 'catkin_skip_building_tests' from command line to 'False'
[0.353s] DEBUG:colcon.colcon_core.verb:Building package 'solar_farm_gz' with the following arguments: {'ament_cmake_args': None, 'build_base': '/home/andres/solar_farm_sim/build/solar_farm_gz', 'catkin_cmake_args': None, 'catkin_skip_building_tests': False, 'cmake_args': None, 'cmake_clean_cache': False, 'cmake_clean_first': False, 'cmake_force_configure': False, 'cmake_target': None, 'cmake_target_skip_unavailable': False, 'install_base': '/home/andres/solar_farm_sim/install/solar_farm_gz', 'merge_install': False, 'path': '/home/andres/solar_farm_sim/src/solar_farm_gz', 'symlink_install': False, 'test_result_base': None}
[0.353s] INFO:colcon.colcon_core.executor:Executing jobs using 'parallel' executor
[0.355s] DEBUG:colcon.colcon_parallel_executor.executor.parallel:run_until_complete
[0.355s] INFO:colcon.colcon_ros.task.ament_cmake.build:Building ROS package in '/home/andres/solar_farm_sim/src/solar_farm_gz' with build type 'ament_cmake'
[0.355s] INFO:colcon.colcon_cmake.task.cmake.build:Building CMake package in '/home/andres/solar_farm_sim/src/solar_farm_gz'
[0.358s] INFO:colcon.colcon_core.plugin_system:Skipping extension 'colcon_core.shell.bat': Not used on non-Windows systems
[0.359s] INFO:colcon.colcon_core.shell:Skip shell extension 'powershell' for command environment: Not usable outside of PowerShell
[0.359s] DEBUG:colcon.colcon_core.shell:Skip shell extension 'dsv' for command environment
[0.370s] DEBUG:colcon.colcon_core.event_handler.log_command:Invoking command in '/home/andres/solar_farm_sim/build/solar_farm_gz': CMAKE_PREFIX_PATH=${CMAKE_PREFIX_PATH}:/opt/ros/jazzy DEBUGINFOD_URLS=https://debuginfod.ubuntu.com PS1=\[\e]0;\u@\h: \w\a\]${debian_chroot:+($debian_chroot)}\[\033[01;32m\]\u@\h\[\033[00m\]:\[\033[01;34m\]\w\[\033[00m\]\$ VIRTUAL_ENV_PROMPT=(venv-ardupilot) /usr/bin/cmake /home/andres/solar_farm_sim/src/solar_farm_gz -DCMAKE_INSTALL_PREFIX=/home/andres/solar_farm_sim/install/solar_farm_gz
[2.069s] DEBUG:colcon.colcon_core.event_handler.log_command:Invoked command in '/home/andres/solar_farm_sim/build/solar_farm_gz' returned '0': CMAKE_PREFIX_PATH=${CMAKE_PREFIX_PATH}:/opt/ros/jazzy DEBUGINFOD_URLS=https://debuginfod.ubuntu.com PS1=\[\e]0;\u@\h: \w\a\]${debian_chroot:+($debian_chroot)}\[\033[01;32m\]\u@\h\[\033[00m\]:\[\033[01;34m\]\w\[\033[00m\]\$ VIRTUAL_ENV_PROMPT=(venv-ardupilot) /usr/bin/cmake /home/andres/solar_farm_sim/src/solar_farm_gz -DCMAKE_INSTALL_PREFIX=/home/andres/solar_farm_sim/install/solar_farm_gz
[2.071s] DEBUG:colcon.colcon_core.event_handler.log_command:Invoking command in '/home/andres/solar_farm_sim/build/solar_farm_gz': CMAKE_PREFIX_PATH=${CMAKE_PREFIX_PATH}:/opt/ros/jazzy DEBUGINFOD_URLS=https://debuginfod.ubuntu.com PS1=\[\e]0;\u@\h: \w\a\]${debian_chroot:+($debian_chroot)}\[\033[01;32m\]\u@\h\[\033[00m\]:\[\033[01;34m\]\w\[\033[00m\]\$ VIRTUAL_ENV_PROMPT=(venv-ardupilot) /usr/bin/cmake --build /home/andres/solar_farm_sim/build/solar_farm_gz -- -j16 -l16
[2.676s] DEBUG:colcon.colcon_core.event_handler.log_command:Invoked command in '/home/andres/solar_farm_sim/build/solar_farm_gz' returned '0': CMAKE_PREFIX_PATH=${CMAKE_PREFIX_PATH}:/opt/ros/jazzy DEBUGINFOD_URLS=https://debuginfod.ubuntu.com PS1=\[\e]0;\u@\h: \w\a\]${debian_chroot:+($debian_chroot)}\[\033[01;32m\]\u@\h\[\033[00m\]:\[\033[01;34m\]\w\[\033[00m\]\$ VIRTUAL_ENV_PROMPT=(venv-ardupilot) /usr/bin/cmake --build /home/andres/solar_farm_sim/build/solar_farm_gz -- -j16 -l16
[2.696s] DEBUG:colcon.colcon_core.event_handler.log_command:Invoking command in '/home/andres/solar_farm_sim/build/solar_farm_gz': CMAKE_PREFIX_PATH=${CMAKE_PREFIX_PATH}:/opt/ros/jazzy DEBUGINFOD_URLS=https://debuginfod.ubuntu.com PS1=\[\e]0;\u@\h: \w\a\]${debian_chroot:+($debian_chroot)}\[\033[01;32m\]\u@\h\[\033[00m\]:\[\033[01;34m\]\w\[\033[00m\]\$ VIRTUAL_ENV_PROMPT=(venv-ardupilot) /usr/bin/cmake --install /home/andres/solar_farm_sim/build/solar_farm_gz
[2.892s] Level 1:colcon.colcon_core.environment:create_environment_scripts_only(solar_farm_gz)
[2.894s] DEBUG:colcon.colcon_core.event_handler.log_command:Invoked command in '/home/andres/solar_farm_sim/build/solar_farm_gz' returned '0': CMAKE_PREFIX_PATH=${CMAKE_PREFIX_PATH}:/opt/ros/jazzy DEBUGINFOD_URLS=https://debuginfod.ubuntu.com PS1=\[\e]0;\u@\h: \w\a\]${debian_chroot:+($debian_chroot)}\[\033[01;32m\]\u@\h\[\033[00m\]:\[\033[01;34m\]\w\[\033[00m\]\$ VIRTUAL_ENV_PROMPT=(venv-ardupilot) /usr/bin/cmake --install /home/andres/solar_farm_sim/build/solar_farm_gz
[2.911s] Level 1:colcon.colcon_core.environment:checking '/home/andres/solar_farm_sim/install/solar_farm_gz' for CMake module files
[2.913s] Level 1:colcon.colcon_core.environment:checking '/home/andres/solar_farm_sim/install/solar_farm_gz' for CMake config files
[2.914s] Level 1:colcon.colcon_core.shell:create_environment_hook('solar_farm_gz', 'cmake_prefix_path')
[2.915s] INFO:colcon.colcon_core.shell:Creating environment hook '/home/andres/solar_farm_sim/install/solar_farm_gz/share/solar_farm_gz/hook/cmake_prefix_path.ps1'
[2.918s] INFO:colcon.colcon_core.shell:Creating environment descriptor '/home/andres/solar_farm_sim/install/solar_farm_gz/share/solar_farm_gz/hook/cmake_prefix_path.dsv'
[2.920s] INFO:colcon.colcon_core.shell:Creating environment hook '/home/andres/solar_farm_sim/install/solar_farm_gz/share/solar_farm_gz/hook/cmake_prefix_path.sh'
[2.923s] Level 1:colcon.colcon_core.environment:checking '/home/andres/solar_farm_sim/install/solar_farm_gz/lib'
[2.924s] Level 1:colcon.colcon_core.environment:checking '/home/andres/solar_farm_sim/install/solar_farm_gz/bin'
[2.925s] Level 1:colcon.colcon_core.environment:checking '/home/andres/solar_farm_sim/install/solar_farm_gz/lib/pkgconfig/solar_farm_gz.pc'
[2.926s] Level 1:colcon.colcon_core.environment:checking '/home/andres/solar_farm_sim/install/solar_farm_gz/lib/python3.12/site-packages'
[2.926s] Level 1:colcon.colcon_core.shell:create_environment_hook('solar_farm_gz', 'pythonpath')
[2.927s] INFO:colcon.colcon_core.shell:Creating environment hook '/home/andres/solar_farm_sim/install/solar_farm_gz/share/solar_farm_gz/hook/pythonpath.ps1'
[2.929s] INFO:colcon.colcon_core.shell:Creating environment descriptor '/home/andres/solar_farm_sim/install/solar_farm_gz/share/solar_farm_gz/hook/pythonpath.dsv'
[2.931s] INFO:colcon.colcon_core.shell:Creating environment hook '/home/andres/solar_farm_sim/install/solar_farm_gz/share/solar_farm_gz/hook/pythonpath.sh'
[2.934s] Level 1:colcon.colcon_core.environment:checking '/home/andres/solar_farm_sim/install/solar_farm_gz/bin'
[2.935s] INFO:colcon.colcon_core.shell:Creating package script '/home/andres/solar_farm_sim/install/solar_farm_gz/share/solar_farm_gz/package.ps1'
[2.940s] INFO:colcon.colcon_core.shell:Creating package descriptor '/home/andres/solar_farm_sim/install/solar_farm_gz/share/solar_farm_gz/package.dsv'
[2.942s] INFO:colcon.colcon_core.shell:Creating package script '/home/andres/solar_farm_sim/install/solar_farm_gz/share/solar_farm_gz/package.sh'
[2.945s] INFO:colcon.colcon_core.shell:Creating package script '/home/andres/solar_farm_sim/install/solar_farm_gz/share/solar_farm_gz/package.bash'
[2.948s] INFO:colcon.colcon_core.shell:Creating package script '/home/andres/solar_farm_sim/install/solar_farm_gz/share/solar_farm_gz/package.zsh'
[2.951s] Level 1:colcon.colcon_core.environment:create_file_with_runtime_dependencies(/home/andres/solar_farm_sim/install/solar_farm_gz/share/colcon-core/packages/solar_farm_gz)
[2.953s] Level 1:colcon.colcon_core.environment:create_environment_scripts_only(solar_farm_gz)
[2.954s] Level 1:colcon.colcon_core.environment:checking '/home/andres/solar_farm_sim/install/solar_farm_gz' for CMake module files
[2.956s] Level 1:colcon.colcon_core.environment:checking '/home/andres/solar_farm_sim/install/solar_farm_gz' for CMake config files
[2.957s] Level 1:colcon.colcon_core.shell:create_environment_hook('solar_farm_gz', 'cmake_prefix_path')
[2.958s] INFO:colcon.colcon_core.shell:Creating environment hook '/home/andres/solar_farm_sim/install/solar_farm_gz/share/solar_farm_gz/hook/cmake_prefix_path.ps1'
[2.960s] INFO:colcon.colcon_core.shell:Creating environment descriptor '/home/andres/solar_farm_sim/install/solar_farm_gz/share/solar_farm_gz/hook/cmake_prefix_path.dsv'
[2.962s] INFO:colcon.colcon_core.shell:Creating environment hook '/home/andres/solar_farm_sim/install/solar_farm_gz/share/solar_farm_gz/hook/cmake_prefix_path.sh'
[2.964s] Level 1:colcon.colcon_core.environment:checking '/home/andres/solar_farm_sim/install/solar_farm_gz/lib'
[2.965s] Level 1:colcon.colcon_core.environment:checking '/home/andres/solar_farm_sim/install/solar_farm_gz/bin'
[2.965s] Level 1:colcon.colcon_core.environment:checking '/home/andres/solar_farm_sim/install/solar_farm_gz/lib/pkgconfig/solar_farm_gz.pc'
[2.966s] Level 1:colcon.colcon_core.environment:checking '/home/andres/solar_farm_sim/install/solar_farm_gz/lib/python3.12/site-packages'
[2.966s] Level 1:colcon.colcon_core.shell:create_environment_hook('solar_farm_gz', 'pythonpath')
[2.967s] INFO:colcon.colcon_core.shell:Creating environment hook '/home/andres/solar_farm_sim/install/solar_farm_gz/share/solar_farm_gz/hook/pythonpath.ps1'
[2.969s] INFO:colcon.colcon_core.shell:Creating environment descriptor '/home/andres/solar_farm_sim/install/solar_farm_gz/share/solar_farm_gz/hook/pythonpath.dsv'
[2.971s] INFO:colcon.colcon_core.shell:Creating environment hook '/home/andres/solar_farm_sim/install/solar_farm_gz/share/solar_farm_gz/hook/pythonpath.sh'
[2.975s] Level 1:colcon.colcon_core.environment:checking '/home/andres/solar_farm_sim/install/solar_farm_gz/bin'
[2.976s] INFO:colcon.colcon_core.shell:Creating package script '/home/andres/solar_farm_sim/install/solar_farm_gz/share/solar_farm_gz/package.ps1'
[2.977s] INFO:colcon.colcon_core.shell:Creating package descriptor '/home/andres/solar_farm_sim/install/solar_farm_gz/share/solar_farm_gz/package.dsv'
[2.978s] INFO:colcon.colcon_core.shell:Creating package script '/home/andres/solar_farm_sim/install/solar_farm_gz/share/solar_farm_gz/package.sh'
[2.979s] INFO:colcon.colcon_core.shell:Creating package script '/home/andres/solar_farm_sim/install/solar_farm_gz/share/solar_farm_gz/package.bash'
[2.979s] INFO:colcon.colcon_core.shell:Creating package script '/home/andres/solar_farm_sim/install/solar_farm_gz/share/solar_farm_gz/package.zsh'
[2.980s] Level 1:colcon.colcon_core.environment:create_file_with_runtime_dependencies(/home/andres/solar_farm_sim/install/solar_farm_gz/share/colcon-core/packages/solar_farm_gz)
[2.980s] DEBUG:colcon.colcon_parallel_executor.executor.parallel:closing loop
[2.980s] DEBUG:colcon.colcon_parallel_executor.executor.parallel:loop closed
[2.980s] DEBUG:colcon.colcon_parallel_executor.executor.parallel:run_until_complete finished with '0'
[2.980s] DEBUG:colcon.colcon_core.event_reactor:joining thread
[2.990s] INFO:colcon.colcon_core.plugin_system:Skipping extension 'colcon_notification.desktop_notification.terminal_notifier': Not used on non-Darwin systems
[2.991s] INFO:colcon.colcon_core.plugin_system:Skipping extension 'colcon_notification.desktop_notification.win32': Not used on non-Windows systems
[2.991s] INFO:colcon.colcon_notification.desktop_notification:Sending desktop notification using 'notify2'
[3.028s] DEBUG:colcon.colcon_core.event_reactor:joined thread
[3.029s] INFO:colcon.colcon_core.shell:Creating prefix script '/home/andres/solar_farm_sim/install/local_setup.ps1'
[3.030s] INFO:colcon.colcon_core.shell:Creating prefix util module '/home/andres/solar_farm_sim/install/_local_setup_util_ps1.py'
[3.032s] INFO:colcon.colcon_core.shell:Creating prefix chain script '/home/andres/solar_farm_sim/install/setup.ps1'
[3.033s] INFO:colcon.colcon_core.shell:Creating prefix script '/home/andres/solar_farm_sim/install/local_setup.sh'
[3.034s] INFO:colcon.colcon_core.shell:Creating prefix util module '/home/andres/solar_farm_sim/install/_local_setup_util_sh.py'
[3.035s] INFO:colcon.colcon_core.shell:Creating prefix chain script '/home/andres/solar_farm_sim/install/setup.sh'
[3.036s] INFO:colcon.colcon_core.shell:Creating prefix script '/home/andres/solar_farm_sim/install/local_setup.bash'
[3.037s] INFO:colcon.colcon_core.shell:Creating prefix chain script '/home/andres/solar_farm_sim/install/setup.bash'
[3.038s] INFO:colcon.colcon_core.shell:Creating prefix script '/home/andres/solar_farm_sim/install/local_setup.zsh'
[3.039s] INFO:colcon.colcon_core.shell:Creating prefix chain script '/home/andres/solar_farm_sim/install/setup.zsh'
