[0.010s] Invoking command in '/home/andres/solar_farm_sim/build/solar_farm_gz': CMAKE_PREFIX_PATH=${CMAKE_PREFIX_PATH}:/opt/ros/jazzy DEBUGINFOD_URLS=https://debuginfod.ubuntu.com VIRTUAL_ENV_PROMPT=(venv-ardupilot) /usr/bin/cmake --build /home/andres/solar_farm_sim/build/solar_farm_gz -- -j16 -l16
[0.103s] Built target ament_cmake_python_copy_solar_farm_gz
[0.382s] running egg_info
[0.400s] writing solar_farm_gz.egg-info/PKG-INFO
[0.400s] writing dependency_links to solar_farm_gz.egg-info/dependency_links.txt
[0.401s] writing top-level names to solar_farm_gz.egg-info/top_level.txt
[0.454s] reading manifest file 'solar_farm_gz.egg-info/SOURCES.txt'
[0.455s] writing manifest file 'solar_farm_gz.egg-info/SOURCES.txt'
[0.482s] Built target ament_cmake_python_build_solar_farm_gz_egg
[0.491s] Invoked command in '/home/andres/solar_farm_sim/build/solar_farm_gz' returned '0': CMAKE_PREFIX_PATH=${CMAKE_PREFIX_PATH}:/opt/ros/jazzy DEBUGINFOD_URLS=https://debuginfod.ubuntu.com VIRTUAL_ENV_PROMPT=(venv-ardupilot) /usr/bin/cmake --build /home/andres/solar_farm_sim/build/solar_farm_gz -- -j16 -l16
[0.498s] Invoking command in '/home/andres/solar_farm_sim/build/solar_farm_gz': CMAKE_PREFIX_PATH=${CMAKE_PREFIX_PATH}:/opt/ros/jazzy DEBUGINFOD_URLS=https://debuginfod.ubuntu.com VIRTUAL_ENV_PROMPT=(venv-ardupilot) /usr/bin/cmake --install /home/andres/solar_farm_sim/build/solar_farm_gz
[0.508s] -- Install configuration: ""
[0.510s] -- Up-to-date: /home/andres/solar_farm_sim/install/solar_farm_gz/share/solar_farm_gz/environment/pythonpath.sh
[0.510s] -- Up-to-date: /home/andres/solar_farm_sim/install/solar_farm_gz/share/solar_farm_gz/environment/pythonpath.dsv
[0.510s] -- Up-to-date: /home/andres/solar_farm_sim/install/solar_farm_gz/lib/python3.12/site-packages/solar_farm_gz-0.1.0-py3.12.egg-info
[0.510s] -- Installing: /home/andres/solar_farm_sim/install/solar_farm_gz/lib/python3.12/site-packages/solar_farm_gz-0.1.0-py3.12.egg-info/PKG-INFO
[0.510s] -- Installing: /home/andres/solar_farm_sim/install/solar_farm_gz/lib/python3.12/site-packages/solar_farm_gz-0.1.0-py3.12.egg-info/SOURCES.txt
[0.510s] -- Installing: /home/andres/solar_farm_sim/install/solar_farm_gz/lib/python3.12/site-packages/solar_farm_gz-0.1.0-py3.12.egg-info/dependency_links.txt
[0.510s] -- Installing: /home/andres/solar_farm_sim/install/solar_farm_gz/lib/python3.12/site-packages/solar_farm_gz-0.1.0-py3.12.egg-info/top_level.txt
[0.510s] -- Up-to-date: /home/andres/solar_farm_sim/install/solar_farm_gz/lib/python3.12/site-packages/solar_farm_gz
[0.510s] -- Installing: /home/andres/solar_farm_sim/install/solar_farm_gz/lib/python3.12/site-packages/solar_farm_gz/capture.py
[0.510s] -- Installing: /home/andres/solar_farm_sim/install/solar_farm_gz/lib/python3.12/site-packages/solar_farm_gz/pv_mesh.py
[0.510s] -- Installing: /home/andres/solar_farm_sim/install/solar_farm_gz/lib/python3.12/site-packages/solar_farm_gz/pv_textures.py
[0.510s] -- Installing: /home/andres/solar_farm_sim/install/solar_farm_gz/lib/python3.12/site-packages/solar_farm_gz/site.py
[0.510s] -- Installing: /home/andres/solar_farm_sim/install/solar_farm_gz/lib/python3.12/site-packages/solar_farm_gz/gpu.py
[0.510s] -- Installing: /home/andres/solar_farm_sim/install/solar_farm_gz/lib/python3.12/site-packages/solar_farm_gz/flight_video.py
[0.510s] -- Up-to-date: /home/andres/solar_farm_sim/install/solar_farm_gz/lib/python3.12/site-packages/solar_farm_gz/__init__.py
[0.510s] -- Installing: /home/andres/solar_farm_sim/install/solar_farm_gz/lib/python3.12/site-packages/solar_farm_gz/teleop_joy.py
[0.510s] -- Installing: /home/andres/solar_farm_sim/install/solar_farm_gz/lib/python3.12/site-packages/solar_farm_gz/generate_farm.py
[0.554s] Listing '/home/andres/solar_farm_sim/install/solar_farm_gz/lib/python3.12/site-packages/solar_farm_gz'...
[0.554s] Compiling '/home/andres/solar_farm_sim/install/solar_farm_gz/lib/python3.12/site-packages/solar_farm_gz/capture.py'...
[0.554s] Compiling '/home/andres/solar_farm_sim/install/solar_farm_gz/lib/python3.12/site-packages/solar_farm_gz/flight_video.py'...
[0.554s] Compiling '/home/andres/solar_farm_sim/install/solar_farm_gz/lib/python3.12/site-packages/solar_farm_gz/generate_farm.py'...
[0.554s] Compiling '/home/andres/solar_farm_sim/install/solar_farm_gz/lib/python3.12/site-packages/solar_farm_gz/gpu.py'...
[0.554s] Compiling '/home/andres/solar_farm_sim/install/solar_farm_gz/lib/python3.12/site-packages/solar_farm_gz/pv_mesh.py'...
[0.554s] Compiling '/home/andres/solar_farm_sim/install/solar_farm_gz/lib/python3.12/site-packages/solar_farm_gz/pv_textures.py'...
[0.554s] Compiling '/home/andres/solar_farm_sim/install/solar_farm_gz/lib/python3.12/site-packages/solar_farm_gz/site.py'...
[0.554s] Compiling '/home/andres/solar_farm_sim/install/solar_farm_gz/lib/python3.12/site-packages/solar_farm_gz/teleop_joy.py'...
[0.565s] -- Up-to-date: /home/andres/solar_farm_sim/install/solar_farm_gz/lib/solar_farm_gz/generate_farm
[0.565s] -- Up-to-date: /home/andres/solar_farm_sim/install/solar_farm_gz/lib/solar_farm_gz/capture
[0.565s] -- Up-to-date: /home/andres/solar_farm_sim/install/solar_farm_gz/lib/solar_farm_gz/teleop_joy
[0.565s] -- Up-to-date: /home/andres/solar_farm_sim/install/solar_farm_gz/lib/solar_farm_gz/flight_video
[0.565s] -- Up-to-date: /home/andres/solar_farm_sim/install/solar_farm_gz/share/solar_farm_gz/launch
[0.565s] -- Installing: /home/andres/solar_farm_sim/install/solar_farm_gz/share/solar_farm_gz/launch/solar_farm.launch.py
[0.565s] -- Installing: /home/andres/solar_farm_sim/install/solar_farm_gz/share/solar_farm_gz/launch/inspection.launch.py
[0.565s] -- Up-to-date: /home/andres/solar_farm_sim/install/solar_farm_gz/share/solar_farm_gz/models
[0.565s] -- Up-to-date: /home/andres/solar_farm_sim/install/solar_farm_gz/share/solar_farm_gz/models/x500_rgb
[0.565s] -- Up-to-date: /home/andres/solar_farm_sim/install/solar_farm_gz/share/solar_farm_gz/models/x500_rgb/model.config
[0.566s] -- Up-to-date: /home/andres/solar_farm_sim/install/solar_farm_gz/share/solar_farm_gz/models/x500_rgb/model.sdf
[0.566s] -- Up-to-date: /home/andres/solar_farm_sim/install/solar_farm_gz/share/solar_farm_gz/gui
[0.566s] -- Up-to-date: /home/andres/solar_farm_sim/install/solar_farm_gz/share/solar_farm_gz/gui/inspection.config
[0.566s] -- Up-to-date: /home/andres/solar_farm_sim/install/solar_farm_gz/share/solar_farm_gz/worlds
[0.566s] -- Up-to-date: /home/andres/solar_farm_sim/install/solar_farm_gz/share/solar_farm_gz/worlds/solar_farm.sdf
[0.566s] -- Up-to-date: /home/andres/solar_farm_sim/install/solar_farm_gz/share/solar_farm_gz/worlds/defects.json
[0.566s] -- Up-to-date: /home/andres/solar_farm_sim/install/solar_farm_gz/share/solar_farm_gz/worlds/solar_farm_assets
[0.566s] -- Up-to-date: /home/andres/solar_farm_sim/install/solar_farm_gz/share/solar_farm_gz/worlds/solar_farm_assets/materials
[0.566s] -- Up-to-date: /home/andres/solar_farm_sim/install/solar_farm_gz/share/solar_farm_gz/worlds/solar_farm_assets/materials/textures
[0.566s] -- Up-to-date: /home/andres/solar_farm_sim/install/solar_farm_gz/share/solar_farm_gz/worlds/solar_farm_assets/materials/textures/pv_atlas_03_thermal.png
[0.566s] -- Up-to-date: /home/andres/solar_farm_sim/install/solar_farm_gz/share/solar_farm_gz/worlds/solar_farm_assets/materials/textures/pv_atlas_09_roughness.png
[0.566s] -- Up-to-date: /home/andres/solar_farm_sim/install/solar_farm_gz/share/solar_farm_gz/worlds/solar_farm_assets/materials/textures/pv_atlas_14_albedo.png
[0.566s] -- Up-to-date: /home/andres/solar_farm_sim/install/solar_farm_gz/share/solar_farm_gz/worlds/solar_farm_assets/materials/textures/pv_atlas_12_thermal.png
[0.566s] -- Up-to-date: /home/andres/solar_farm_sim/install/solar_farm_gz/share/solar_farm_gz/worlds/solar_farm_assets/materials/textures/ground_albedo.png
[0.566s] -- Up-to-date: /home/andres/solar_farm_sim/install/solar_farm_gz/share/solar_farm_gz/worlds/solar_farm_assets/materials/textures/pv_atlas_06_thermal.png
[0.566s] -- Up-to-date: /home/andres/solar_farm_sim/install/solar_farm_gz/share/solar_farm_gz/worlds/solar_farm_assets/materials/textures/pv_atlas_17_roughness.png
[0.566s] -- Up-to-date: /home/andres/solar_farm_sim/install/solar_farm_gz/share/solar_farm_gz/worlds/solar_farm_assets/materials/textures/site_roughness.png
[0.566s] -- Up-to-date: /home/andres/solar_farm_sim/install/solar_farm_gz/share/solar_farm_gz/worlds/solar_farm_assets/materials/textures/pv_atlas_18_albedo.png
[0.566s] -- Up-to-date: /home/andres/solar_farm_sim/install/solar_farm_gz/share/solar_farm_gz/worlds/solar_farm_assets/materials/textures/pv_atlas_10_roughness.png
[0.566s] -- Up-to-date: /home/andres/solar_farm_sim/install/solar_farm_gz/share/solar_farm_gz/worlds/solar_farm_assets/materials/textures/pv_atlas_10_albedo.png
[0.566s] -- Up-to-date: /home/andres/solar_farm_sim/install/solar_farm_gz/share/solar_farm_gz/worlds/solar_farm_assets/materials/textures/pv_atlas_14_thermal.png
[0.566s] -- Up-to-date: /home/andres/solar_farm_sim/install/solar_farm_gz/share/solar_farm_gz/worlds/solar_farm_assets/materials/textures/pv_atlas_11_thermal.png
[0.566s] -- Up-to-date: /home/andres/solar_farm_sim/install/solar_farm_gz/share/solar_farm_gz/worlds/solar_farm_assets/materials/textures/pv_atlas_00_albedo.png
[0.566s] -- Up-to-date: /home/andres/solar_farm_sim/install/solar_farm_gz/share/solar_farm_gz/worlds/solar_farm_assets/materials/textures/pv_atlas_16_thermal.png
[0.566s] -- Up-to-date: /home/andres/solar_farm_sim/install/solar_farm_gz/share/solar_farm_gz/worlds/solar_farm_assets/materials/textures/pv_atlas_05_roughness.png
[0.566s] -- Up-to-date: /home/andres/solar_farm_sim/install/solar_farm_gz/share/solar_farm_gz/worlds/solar_farm_assets/materials/textures/pv_atlas_15_roughness.png
[0.567s] -- Up-to-date: /home/andres/solar_farm_sim/install/solar_farm_gz/share/solar_farm_gz/worlds/solar_farm_assets/materials/textures/pv_atlas_00_roughness.png
[0.567s] -- Up-to-date: /home/andres/solar_farm_sim/install/solar_farm_gz/share/solar_farm_gz/worlds/solar_farm_assets/materials/textures/pv_atlas_01_thermal.png
[0.567s] -- Up-to-date: /home/andres/solar_farm_sim/install/solar_farm_gz/share/solar_farm_gz/worlds/solar_farm_assets/materials/textures/pv_atlas_05_albedo.png
[0.567s] -- Up-to-date: /home/andres/solar_farm_sim/install/solar_farm_gz/share/solar_farm_gz/worlds/solar_farm_assets/materials/textures/pv_atlas_07_roughness.png
[0.567s] -- Up-to-date: /home/andres/solar_farm_sim/install/solar_farm_gz/share/solar_farm_gz/worlds/solar_farm_assets/materials/textures/pv_atlas_09_thermal.png
[0.567s] -- Up-to-date: /home/andres/solar_farm_sim/install/solar_farm_gz/share/solar_farm_gz/worlds/solar_farm_assets/materials/textures/pv_atlas_02_roughness.png
[0.567s] -- Up-to-date: /home/andres/solar_farm_sim/install/solar_farm_gz/share/solar_farm_gz/worlds/solar_farm_assets/materials/textures/pv_atlas_02_albedo.png
[0.567s] -- Up-to-date: /home/andres/solar_farm_sim/install/solar_farm_gz/share/solar_farm_gz/worlds/solar_farm_assets/materials/textures/pv_atlas_13_albedo.png
[0.567s] -- Up-to-date: /home/andres/solar_farm_sim/install/solar_farm_gz/share/solar_farm_gz/worlds/solar_farm_assets/materials/textures/pv_atlas_18_roughness.png
[0.567s] -- Up-to-date: /home/andres/solar_farm_sim/install/solar_farm_gz/share/solar_farm_gz/worlds/solar_farm_assets/materials/textures/pv_atlas_08_roughness.png
[0.567s] -- Up-to-date: /home/andres/solar_farm_sim/install/solar_farm_gz/share/solar_farm_gz/worlds/solar_farm_assets/materials/textures/pv_atlas_02_thermal.png
[0.567s] -- Up-to-date: /home/andres/solar_farm_sim/install/solar_farm_gz/share/solar_farm_gz/worlds/solar_farm_assets/materials/textures/pv_atlas_11_roughness.png
[0.567s] -- Up-to-date: /home/andres/solar_farm_sim/install/solar_farm_gz/share/solar_farm_gz/worlds/solar_farm_assets/materials/textures/pv_atlas_00_thermal.png
[0.567s] -- Up-to-date: /home/andres/solar_farm_sim/install/solar_farm_gz/share/solar_farm_gz/worlds/solar_farm_assets/materials/textures/pv_atlas_06_roughness.png
[0.567s] -- Up-to-date: /home/andres/solar_farm_sim/install/solar_farm_gz/share/solar_farm_gz/worlds/solar_farm_assets/materials/textures/pv_atlas_19_albedo.png
[0.567s] -- Up-to-date: /home/andres/solar_farm_sim/install/solar_farm_gz/share/solar_farm_gz/worlds/solar_farm_assets/materials/textures/pv_atlas_01_albedo.png
[0.567s] -- Up-to-date: /home/andres/solar_farm_sim/install/solar_farm_gz/share/solar_farm_gz/worlds/solar_farm_assets/materials/textures/pv_atlas_13_roughness.png
[0.567s] -- Up-to-date: /home/andres/solar_farm_sim/install/solar_farm_gz/share/solar_farm_gz/worlds/solar_farm_assets/materials/textures/pv_atlas_01_roughness.png
[0.567s] -- Up-to-date: /home/andres/solar_farm_sim/install/solar_farm_gz/share/solar_farm_gz/worlds/solar_farm_assets/materials/textures/pv_atlas_17_albedo.png
[0.567s] -- Up-to-date: /home/andres/solar_farm_sim/install/solar_farm_gz/share/solar_farm_gz/worlds/solar_farm_assets/materials/textures/pv_atlas_17_thermal.png
[0.567s] -- Up-to-date: /home/andres/solar_farm_sim/install/solar_farm_gz/share/solar_farm_gz/worlds/solar_farm_assets/materials/textures/pv_atlas_07_albedo.png
[0.567s] -- Up-to-date: /home/andres/solar_farm_sim/install/solar_farm_gz/share/solar_farm_gz/worlds/solar_farm_assets/materials/textures/inverter_albedo.png
[0.567s] -- Up-to-date: /home/andres/solar_farm_sim/install/solar_farm_gz/share/solar_farm_gz/worlds/solar_farm_assets/materials/textures/pv_atlas_12_roughness.png
[0.567s] -- Up-to-date: /home/andres/solar_farm_sim/install/solar_farm_gz/share/solar_farm_gz/worlds/solar_farm_assets/materials/textures/pv_atlas_19_thermal.png
[0.567s] -- Up-to-date: /home/andres/solar_farm_sim/install/solar_farm_gz/share/solar_farm_gz/worlds/solar_farm_assets/materials/textures/pv_normal.png
[0.567s] -- Up-to-date: /home/andres/solar_farm_sim/install/solar_farm_gz/share/solar_farm_gz/worlds/solar_farm_assets/materials/textures/pv_atlas_05_thermal.png
[0.568s] -- Up-to-date: /home/andres/solar_farm_sim/install/solar_farm_gz/share/solar_farm_gz/worlds/solar_farm_assets/materials/textures/pv_atlas_18_thermal.png
[0.568s] -- Up-to-date: /home/andres/solar_farm_sim/install/solar_farm_gz/share/solar_farm_gz/worlds/solar_farm_assets/materials/textures/pv_atlas_13_thermal.png
[0.568s] -- Up-to-date: /home/andres/solar_farm_sim/install/solar_farm_gz/share/solar_farm_gz/worlds/solar_farm_assets/materials/textures/pv_atlas_15_thermal.png
[0.568s] -- Up-to-date: /home/andres/solar_farm_sim/install/solar_farm_gz/share/solar_farm_gz/worlds/solar_farm_assets/materials/textures/pv_atlas_08_thermal.png
[0.568s] -- Up-to-date: /home/andres/solar_farm_sim/install/solar_farm_gz/share/solar_farm_gz/worlds/solar_farm_assets/materials/textures/pv_atlas_07_thermal.png
[0.568s] -- Up-to-date: /home/andres/solar_farm_sim/install/solar_farm_gz/share/solar_farm_gz/worlds/solar_farm_assets/materials/textures/pv_atlas_10_thermal.png
[0.568s] -- Up-to-date: /home/andres/solar_farm_sim/install/solar_farm_gz/share/solar_farm_gz/worlds/solar_farm_assets/materials/textures/pv_atlas_04_roughness.png
[0.568s] -- Up-to-date: /home/andres/solar_farm_sim/install/solar_farm_gz/share/solar_farm_gz/worlds/solar_farm_assets/materials/textures/pv_atlas_11_albedo.png
[0.568s] -- Up-to-date: /home/andres/solar_farm_sim/install/solar_farm_gz/share/solar_farm_gz/worlds/solar_farm_assets/materials/textures/pv_atlas_09_albedo.png
[0.568s] -- Up-to-date: /home/andres/solar_farm_sim/install/solar_farm_gz/share/solar_farm_gz/worlds/solar_farm_assets/materials/textures/pv_atlas_06_albedo.png
[0.568s] -- Up-to-date: /home/andres/solar_farm_sim/install/solar_farm_gz/share/solar_farm_gz/worlds/solar_farm_assets/materials/textures/fence_fabric.png
[0.568s] -- Up-to-date: /home/andres/solar_farm_sim/install/solar_farm_gz/share/solar_farm_gz/worlds/solar_farm_assets/materials/textures/pv_atlas_03_albedo.png
[0.568s] -- Up-to-date: /home/andres/solar_farm_sim/install/solar_farm_gz/share/solar_farm_gz/worlds/solar_farm_assets/materials/textures/pv_atlas_16_albedo.png
[0.568s] -- Up-to-date: /home/andres/solar_farm_sim/install/solar_farm_gz/share/solar_farm_gz/worlds/solar_farm_assets/materials/textures/pv_atlas_04_albedo.png
[0.568s] -- Up-to-date: /home/andres/solar_farm_sim/install/solar_farm_gz/share/solar_farm_gz/worlds/solar_farm_assets/materials/textures/pv_atlas_08_albedo.png
[0.568s] -- Up-to-date: /home/andres/solar_farm_sim/install/solar_farm_gz/share/solar_farm_gz/worlds/solar_farm_assets/materials/textures/road_albedo.png
[0.568s] -- Up-to-date: /home/andres/solar_farm_sim/install/solar_farm_gz/share/solar_farm_gz/worlds/solar_farm_assets/materials/textures/pv_atlas_04_thermal.png
[0.568s] -- Up-to-date: /home/andres/solar_farm_sim/install/solar_farm_gz/share/solar_farm_gz/worlds/solar_farm_assets/materials/textures/pv_atlas_12_albedo.png
[0.568s] -- Up-to-date: /home/andres/solar_farm_sim/install/solar_farm_gz/share/solar_farm_gz/worlds/solar_farm_assets/materials/textures/pv_atlas_19_roughness.png
[0.568s] -- Up-to-date: /home/andres/solar_farm_sim/install/solar_farm_gz/share/solar_farm_gz/worlds/solar_farm_assets/materials/textures/pv_atlas_03_roughness.png
[0.568s] -- Up-to-date: /home/andres/solar_farm_sim/install/solar_farm_gz/share/solar_farm_gz/worlds/solar_farm_assets/materials/textures/pv_atlas_14_roughness.png
[0.568s] -- Up-to-date: /home/andres/solar_farm_sim/install/solar_farm_gz/share/solar_farm_gz/worlds/solar_farm_assets/materials/textures/pv_atlas_16_roughness.png
[0.569s] -- Up-to-date: /home/andres/solar_farm_sim/install/solar_farm_gz/share/solar_farm_gz/worlds/solar_farm_assets/materials/textures/pv_atlas_15_albedo.png
[0.569s] -- Up-to-date: /home/andres/solar_farm_sim/install/solar_farm_gz/share/solar_farm_gz/worlds/solar_farm_assets/meshes
[0.569s] -- Up-to-date: /home/andres/solar_farm_sim/install/solar_farm_gz/share/solar_farm_gz/worlds/solar_farm_assets/meshes/road.obj
[0.569s] -- Up-to-date: /home/andres/solar_farm_sim/install/solar_farm_gz/share/solar_farm_gz/worlds/solar_farm_assets/meshes/fence_posts.obj
[0.569s] -- Up-to-date: /home/andres/solar_farm_sim/install/solar_farm_gz/share/solar_farm_gz/worlds/solar_farm_assets/meshes/pv_glass.obj
[0.569s] -- Up-to-date: /home/andres/solar_farm_sim/install/solar_farm_gz/share/solar_farm_gz/worlds/solar_farm_assets/meshes/pv_rack.obj
[0.569s] -- Up-to-date: /home/andres/solar_farm_sim/install/solar_farm_gz/share/solar_farm_gz/worlds/solar_farm_assets/meshes/ground.obj
[0.569s] -- Up-to-date: /home/andres/solar_farm_sim/install/solar_farm_gz/share/solar_farm_gz/worlds/solar_farm_assets/meshes/fence_fabric.obj
[0.569s] -- Up-to-date: /home/andres/solar_farm_sim/install/solar_farm_gz/share/solar_farm_gz/worlds/solar_farm_assets/model.config
[0.569s] -- Up-to-date: /home/andres/solar_farm_sim/install/solar_farm_gz/share/solar_farm_gz/environment/resource_paths.dsv
[0.569s] -- Up-to-date: /home/andres/solar_farm_sim/install/solar_farm_gz/share/ament_index/resource_index/package_run_dependencies/solar_farm_gz
[0.569s] -- Up-to-date: /home/andres/solar_farm_sim/install/solar_farm_gz/share/ament_index/resource_index/parent_prefix_path/solar_farm_gz
[0.569s] -- Up-to-date: /home/andres/solar_farm_sim/install/solar_farm_gz/share/solar_farm_gz/environment/ament_prefix_path.sh
[0.569s] -- Up-to-date: /home/andres/solar_farm_sim/install/solar_farm_gz/share/solar_farm_gz/environment/ament_prefix_path.dsv
[0.569s] -- Up-to-date: /home/andres/solar_farm_sim/install/solar_farm_gz/share/solar_farm_gz/environment/path.sh
[0.569s] -- Up-to-date: /home/andres/solar_farm_sim/install/solar_farm_gz/share/solar_farm_gz/environment/path.dsv
[0.569s] -- Up-to-date: /home/andres/solar_farm_sim/install/solar_farm_gz/share/solar_farm_gz/local_setup.bash
[0.570s] -- Up-to-date: /home/andres/solar_farm_sim/install/solar_farm_gz/share/solar_farm_gz/local_setup.sh
[0.570s] -- Up-to-date: /home/andres/solar_farm_sim/install/solar_farm_gz/share/solar_farm_gz/local_setup.zsh
[0.570s] -- Up-to-date: /home/andres/solar_farm_sim/install/solar_farm_gz/share/solar_farm_gz/local_setup.dsv
[0.570s] -- Up-to-date: /home/andres/solar_farm_sim/install/solar_farm_gz/share/solar_farm_gz/package.dsv
[0.570s] -- Up-to-date: /home/andres/solar_farm_sim/install/solar_farm_gz/share/ament_index/resource_index/packages/solar_farm_gz
[0.570s] -- Up-to-date: /home/andres/solar_farm_sim/install/solar_farm_gz/share/solar_farm_gz/cmake/solar_farm_gzConfig.cmake
[0.570s] -- Up-to-date: /home/andres/solar_farm_sim/install/solar_farm_gz/share/solar_farm_gz/cmake/solar_farm_gzConfig-version.cmake
[0.570s] -- Up-to-date: /home/andres/solar_farm_sim/install/solar_farm_gz/share/solar_farm_gz/package.xml
[0.570s] Invoked command in '/home/andres/solar_farm_sim/build/solar_farm_gz' returned '0': CMAKE_PREFIX_PATH=${CMAKE_PREFIX_PATH}:/opt/ros/jazzy DEBUGINFOD_URLS=https://debuginfod.ubuntu.com VIRTUAL_ENV_PROMPT=(venv-ardupilot) /usr/bin/cmake --install /home/andres/solar_farm_sim/build/solar_farm_gz
